mode: set
github.com/padraicbc/h5p/constants/constants.go:7.46,9.29 2 1
github.com/padraicbc/h5p/constants/constants.go:9.29,11.3 1 1
github.com/padraicbc/h5p/constants/constants.go:12.2,12.10 1 1
github.com/padraicbc/h5p/constants/constants.go:16.34,19.2 2 1
github.com/padraicbc/h5p/constants/constants.go:34.31,34.44 1 1
github.com/padraicbc/h5p/constants/constants.go:296.52,298.52 2 1
github.com/padraicbc/h5p/constants/constants.go:298.52,300.44 2 1
github.com/padraicbc/h5p/constants/constants.go:300.44,302.4 1 1
github.com/padraicbc/h5p/constants/constants.go:303.3,303.59 1 1
github.com/padraicbc/h5p/constants/constants.go:305.2,305.10 1 1
github.com/padraicbc/h5p/constants/constants.go:308.58,310.58 2 1
github.com/padraicbc/h5p/constants/constants.go:310.58,312.44 2 1
github.com/padraicbc/h5p/constants/constants.go:312.44,314.4 1 1
github.com/padraicbc/h5p/constants/constants.go:315.3,315.59 1 1
github.com/padraicbc/h5p/constants/constants.go:317.2,317.10 1 1
github.com/padraicbc/h5p/constants/constants.go:332.42,334.19 2 1
github.com/padraicbc/h5p/constants/constants.go:334.19,336.3 1 1
github.com/padraicbc/h5p/constants/constants.go:337.2,337.12 1 1
github.com/padraicbc/h5p/internal/encoding/encoding.go:18.64,22.33 3 1
github.com/padraicbc/h5p/internal/encoding/encoding.go:22.33,25.3 2 1
github.com/padraicbc/h5p/internal/encoding/encoding.go:27.2,27.19 1 1
github.com/padraicbc/h5p/internal/encoding/encoding.go:27.19,28.76 1 1
github.com/padraicbc/h5p/internal/encoding/encoding.go:28.76,31.4 2 1
github.com/padraicbc/h5p/internal/encoding/encoding.go:34.2,34.19 1 1
github.com/padraicbc/h5p/internal/encoding/encoding.go:34.19,35.58 1 1
github.com/padraicbc/h5p/internal/encoding/encoding.go:35.58,38.4 2 1
github.com/padraicbc/h5p/internal/encoding/encoding.go:41.2,41.19 1 1
github.com/padraicbc/h5p/internal/encoding/encoding.go:41.19,44.3 2 1
github.com/padraicbc/h5p/internal/encoding/encoding.go:46.2,47.56 2 1
github.com/padraicbc/h5p/internal/encoding/encoding.go:50.42,51.77 1 1
github.com/padraicbc/h5p/internal/encoding/encoding.go:51.77,53.3 1 1
github.com/padraicbc/h5p/internal/encoding/encoding.go:54.2,54.20 1 1
github.com/padraicbc/h5p/internal/encoding/encoding.go:54.20,55.41 1 1
github.com/padraicbc/h5p/internal/encoding/encoding.go:55.41,57.4 1 1
github.com/padraicbc/h5p/internal/encoding/encoding.go:58.3,58.41 1 1
github.com/padraicbc/h5p/internal/encoding/encoding.go:58.41,60.4 1 1
github.com/padraicbc/h5p/internal/encoding/encoding.go:62.2,62.14 1 1
github.com/padraicbc/h5p/internal/encoding/encoding.go:65.44,66.20 1 1
github.com/padraicbc/h5p/internal/encoding/encoding.go:66.20,68.3 1 1
github.com/padraicbc/h5p/internal/encoding/encoding.go:70.2,75.6 5 1
github.com/padraicbc/h5p/internal/encoding/encoding.go:75.6,77.16 2 1
github.com/padraicbc/h5p/internal/encoding/encoding.go:77.16,79.4 1 1
github.com/padraicbc/h5p/internal/encoding/encoding.go:80.3,84.15 4 1
github.com/padraicbc/h5p/internal/encoding/encoding.go:84.15,86.4 1 1
github.com/padraicbc/h5p/internal/encoding/encoding.go:87.3,92.66 4 1
github.com/padraicbc/h5p/internal/encoding/encoding.go:92.66,93.71 1 1
github.com/padraicbc/h5p/internal/encoding/encoding.go:93.71,95.5 1 1
github.com/padraicbc/h5p/internal/encoding/encoding.go:98.3,99.28 2 1
github.com/padraicbc/h5p/internal/encoding/encoding.go:99.28,101.4 1 1
github.com/padraicbc/h5p/internal/encoding/encoding.go:105.54,106.65 1 1
github.com/padraicbc/h5p/internal/encoding/encoding.go:106.65,107.69 1 1
github.com/padraicbc/h5p/internal/encoding/encoding.go:107.69,109.4 1 1
github.com/padraicbc/h5p/internal/encoding/encoding.go:112.2,112.79 1 1
github.com/padraicbc/h5p/internal/encoding/encoding.go:112.79,114.23 2 1
github.com/padraicbc/h5p/internal/encoding/encoding.go:114.23,116.4 1 1
github.com/padraicbc/h5p/internal/encoding/encoding.go:117.3,118.62 2 1
github.com/padraicbc/h5p/internal/encoding/encoding.go:118.62,120.28 2 1
github.com/padraicbc/h5p/internal/encoding/encoding.go:120.28,121.93 1 1
github.com/padraicbc/h5p/internal/encoding/encoding.go:121.93,123.11 2 1
github.com/padraicbc/h5p/internal/encoding/encoding.go:126.4,127.19 2 1
github.com/padraicbc/h5p/internal/encoding/encoding.go:127.19,129.5 1 1
github.com/padraicbc/h5p/internal/encoding/encoding.go:133.2,133.11 1 1
github.com/padraicbc/h5p/internal/encoding/encoding.go:136.51,137.23 1 1
github.com/padraicbc/h5p/internal/encoding/encoding.go:137.23,139.3 1 1
github.com/padraicbc/h5p/internal/encoding/encoding.go:141.2,141.45 1 1
github.com/padraicbc/h5p/internal/encoding/encoding.go:141.45,144.24 3 1
github.com/padraicbc/h5p/internal/encoding/encoding.go:144.24,146.4 1 1
github.com/padraicbc/h5p/internal/encoding/encoding.go:147.3,147.60 1 1
github.com/padraicbc/h5p/internal/encoding/encoding.go:147.60,149.4 1 1
github.com/padraicbc/h5p/internal/encoding/encoding.go:150.3,150.48 1 1
github.com/padraicbc/h5p/internal/encoding/encoding.go:153.2,154.58 2 1
github.com/padraicbc/h5p/internal/encoding/encoding.go:154.58,156.3 1 1
github.com/padraicbc/h5p/internal/encoding/encoding.go:158.2,158.50 1 1
github.com/padraicbc/h5p/internal/encoding/encoding.go:161.50,163.15 2 1
github.com/padraicbc/h5p/internal/encoding/encoding.go:164.10,165.12 1 1
github.com/padraicbc/h5p/internal/encoding/encoding.go:166.44,167.17 1 1
github.com/padraicbc/h5p/internal/encoding/encoding.go:168.68,169.20 1 1
github.com/padraicbc/h5p/internal/encoding/encoding.go:170.58,171.20 1 1
github.com/padraicbc/h5p/internal/encoding/encoding.go:172.119,173.24 1 1
github.com/padraicbc/h5p/internal/encoding/encoding.go:174.10,175.12 1 1
github.com/padraicbc/h5p/internal/encoding/encoding.go:179.55,180.18 1 1
github.com/padraicbc/h5p/internal/encoding/encoding.go:181.15,182.22 1 1
github.com/padraicbc/h5p/internal/encoding/encoding.go:183.18,184.33 1 1
github.com/padraicbc/h5p/internal/encoding/encoding.go:185.18,186.34 1 1
github.com/padraicbc/h5p/internal/encoding/encoding.go:187.10,188.33 1 1
github.com/padraicbc/h5p/internal/encoding/encoding.go:192.57,193.19 1 1
github.com/padraicbc/h5p/internal/encoding/encoding.go:193.19,195.3 1 1
github.com/padraicbc/h5p/internal/encoding/encoding.go:197.2,198.38 2 1
github.com/padraicbc/h5p/internal/encoding/encoding.go:198.38,199.19 1 1
github.com/padraicbc/h5p/internal/encoding/encoding.go:199.19,201.4 1 1
github.com/padraicbc/h5p/internal/encoding/encoding.go:201.9,203.4 1 1
github.com/padraicbc/h5p/internal/encoding/encoding.go:206.2,206.34 1 1
github.com/padraicbc/h5p/internal/encoding/encoding.go:209.44,211.25 2 1
github.com/padraicbc/h5p/internal/encoding/encoding.go:211.25,213.3 1 1
github.com/padraicbc/h5p/internal/encoding/encoding.go:214.2,214.22 1 1
github.com/padraicbc/h5p/internal/encoding/encoding.go:217.35,218.9 1 1
github.com/padraicbc/h5p/internal/encoding/encoding.go:219.16,220.17 1 1
github.com/padraicbc/h5p/internal/encoding/encoding.go:221.17,222.17 1 1
github.com/padraicbc/h5p/internal/encoding/encoding.go:223.10,224.34 1 1
github.com/padraicbc/h5p/internal/utils/stack.go:14.34,16.2 1 1
github.com/padraicbc/h5p/internal/utils/stack.go:19.29,21.2 1 1
github.com/padraicbc/h5p/internal/utils/stack.go:25.32,26.15 1 1
github.com/padraicbc/h5p/internal/utils/stack.go:26.15,28.3 1 1
github.com/padraicbc/h5p/internal/utils/stack.go:29.2,31.10 3 1
github.com/padraicbc/h5p/internal/utils/stack.go:36.24,40.2 1 1
github.com/padraicbc/h5p/dom/css.go:43.64,44.17 1 1
github.com/padraicbc/h5p/dom/css.go:44.17,46.3 1 0
github.com/padraicbc/h5p/dom/css.go:48.2,49.23 2 1
github.com/padraicbc/h5p/dom/css.go:49.23,51.3 1 1
github.com/padraicbc/h5p/dom/css.go:53.2,54.39 2 1
github.com/padraicbc/h5p/dom/css.go:54.39,57.15 2 1
github.com/padraicbc/h5p/dom/css.go:58.12,60.18 2 1
github.com/padraicbc/h5p/dom/css.go:60.18,62.5 1 0
github.com/padraicbc/h5p/dom/css.go:63.4,64.25 2 1
github.com/padraicbc/h5p/dom/css.go:64.25,66.5 1 1
github.com/padraicbc/h5p/dom/css.go:68.12,70.18 2 1
github.com/padraicbc/h5p/dom/css.go:70.18,72.5 1 1
github.com/padraicbc/h5p/dom/css.go:73.4,74.25 2 1
github.com/padraicbc/h5p/dom/css.go:74.25,76.5 1 1
github.com/padraicbc/h5p/dom/css.go:79.4,79.94 1 1
github.com/padraicbc/h5p/dom/css.go:79.94,81.23 2 1
github.com/padraicbc/h5p/dom/css.go:81.23,83.6 1 0
github.com/padraicbc/h5p/dom/css.go:84.5,84.15 1 1
github.com/padraicbc/h5p/dom/css.go:84.15,86.6 1 1
github.com/padraicbc/h5p/dom/css.go:89.12,91.90 2 1
github.com/padraicbc/h5p/dom/css.go:91.90,93.19 2 1
github.com/padraicbc/h5p/dom/css.go:93.19,95.6 1 0
github.com/padraicbc/h5p/dom/css.go:96.5,96.11 1 1
github.com/padraicbc/h5p/dom/css.go:96.11,99.11 3 1
github.com/padraicbc/h5p/dom/css.go:102.4,102.14 1 1
github.com/padraicbc/h5p/dom/css.go:102.14,104.5 1 1
github.com/padraicbc/h5p/dom/css.go:106.11,108.48 2 1
github.com/padraicbc/h5p/dom/css.go:108.48,110.19 2 1
github.com/padraicbc/h5p/dom/css.go:110.19,112.6 1 0
github.com/padraicbc/h5p/dom/css.go:113.5,113.11 1 1
github.com/padraicbc/h5p/dom/css.go:113.11,116.11 3 1
github.com/padraicbc/h5p/dom/css.go:119.4,119.14 1 1
github.com/padraicbc/h5p/dom/css.go:119.14,121.5 1 1
github.com/padraicbc/h5p/dom/css.go:123.11,124.62 1 0
github.com/padraicbc/h5p/dom/css.go:128.2,128.18 1 1
github.com/padraicbc/h5p/dom/css.go:149.66,151.64 1 1
github.com/padraicbc/h5p/dom/css.go:151.64,153.3 1 1
github.com/padraicbc/h5p/dom/css.go:157.2,158.58 2 1
github.com/padraicbc/h5p/dom/css.go:158.58,160.3 1 1
github.com/padraicbc/h5p/dom/css.go:164.2,164.19 1 1
github.com/padraicbc/h5p/dom/css.go:164.19,165.21 1 1
github.com/padraicbc/h5p/dom/css.go:165.21,167.4 1 1
github.com/padraicbc/h5p/dom/css.go:168.3,169.47 2 1
github.com/padraicbc/h5p/dom/css.go:169.47,171.4 1 1
github.com/padraicbc/h5p/dom/css.go:176.2,176.27 1 1
github.com/padraicbc/h5p/dom/css.go:176.27,178.21 2 1
github.com/padraicbc/h5p/dom/css.go:178.21,179.30 1 1
github.com/padraicbc/h5p/dom/css.go:179.30,180.50 1 1
github.com/padraicbc/h5p/dom/css.go:180.50,182.11 2 1
github.com/padraicbc/h5p/dom/css.go:187.3,188.24 2 1
github.com/padraicbc/h5p/dom/css.go:188.24,190.4 1 1
github.com/padraicbc/h5p/dom/css.go:192.3,193.29 2 1
github.com/padraicbc/h5p/dom/css.go:193.29,195.4 1 1
github.com/padraicbc/h5p/dom/css.go:197.3,197.37 1 1
github.com/padraicbc/h5p/dom/css.go:197.37,199.23 2 1
github.com/padraicbc/h5p/dom/css.go:199.23,201.5 1 0
github.com/padraicbc/h5p/dom/css.go:202.4,202.28 1 1
github.com/padraicbc/h5p/dom/css.go:202.28,203.34 1 1
github.com/padraicbc/h5p/dom/css.go:203.34,205.6 1 1
github.com/padraicbc/h5p/dom/css.go:211.2,211.34 1 1
github.com/padraicbc/h5p/dom/css.go:211.34,213.17 2 1
github.com/padraicbc/h5p/dom/css.go:213.17,216.4 1 1
github.com/padraicbc/h5p/dom/css.go:217.3,217.10 1 1
github.com/padraicbc/h5p/dom/css.go:217.10,219.4 1 1
github.com/padraicbc/h5p/dom/css.go:223.2,223.38 1 1
github.com/padraicbc/h5p/dom/css.go:223.38,225.17 2 1
github.com/padraicbc/h5p/dom/css.go:225.17,228.4 1 1
github.com/padraicbc/h5p/dom/css.go:229.3,229.10 1 1
github.com/padraicbc/h5p/dom/css.go:229.10,231.4 1 1
github.com/padraicbc/h5p/dom/css.go:234.2,234.18 1 1
github.com/padraicbc/h5p/dom/css.go:239.39,241.31 2 1
github.com/padraicbc/h5p/dom/css.go:241.31,242.66 1 1
github.com/padraicbc/h5p/dom/css.go:242.66,244.4 1 1
github.com/padraicbc/h5p/dom/css.go:246.2,246.12 1 1
github.com/padraicbc/h5p/dom/css.go:251.44,252.33 1 1
github.com/padraicbc/h5p/dom/css.go:252.33,254.3 1 1
github.com/padraicbc/h5p/dom/css.go:255.2,256.29 2 1
github.com/padraicbc/h5p/dom/css.go:256.29,257.13 1 1
github.com/padraicbc/h5p/dom/css.go:257.13,258.14 1 1
github.com/padraicbc/h5p/dom/css.go:258.14,260.5 1 1
github.com/padraicbc/h5p/dom/css.go:261.4,261.24 1 1
github.com/padraicbc/h5p/dom/css.go:264.2,264.12 1 0
github.com/padraicbc/h5p/dom/css.go:278.58,279.32 1 1
github.com/padraicbc/h5p/dom/css.go:279.32,281.3 1 1
github.com/padraicbc/h5p/dom/css.go:283.2,287.28 3 1
github.com/padraicbc/h5p/dom/css.go:287.28,288.38 1 1
github.com/padraicbc/h5p/dom/css.go:288.38,290.16 2 1
github.com/padraicbc/h5p/dom/css.go:290.16,292.5 1 1
github.com/padraicbc/h5p/dom/css.go:293.4,293.9 1 1
github.com/padraicbc/h5p/dom/css.go:297.2,297.12 1 1
github.com/padraicbc/h5p/dom/css.go:297.12,299.3 1 1
github.com/padraicbc/h5p/dom/css.go:301.2,301.17 1 1
github.com/padraicbc/h5p/dom/css.go:304.16,305.19 1 1
github.com/padraicbc/h5p/dom/css.go:308.11,309.32 1 1
github.com/padraicbc/h5p/dom/css.go:313.12,314.23 1 1
github.com/padraicbc/h5p/dom/css.go:314.23,316.4 1 1
github.com/padraicbc/h5p/dom/css.go:317.3,317.44 1 1
github.com/padraicbc/h5p/dom/css.go:317.44,318.26 1 1
github.com/padraicbc/h5p/dom/css.go:318.26,320.5 1 1
github.com/padraicbc/h5p/dom/css.go:322.3,322.20 1 1
github.com/padraicbc/h5p/dom/css.go:326.12,327.23 1 1
github.com/padraicbc/h5p/dom/css.go:327.23,329.4 1 1
github.com/padraicbc/h5p/dom/css.go:330.3,330.74 1 1
github.com/padraicbc/h5p/dom/css.go:334.12,335.23 1 1
github.com/padraicbc/h5p/dom/css.go:335.23,337.4 1 1
github.com/padraicbc/h5p/dom/css.go:338.3,338.49 1 1
github.com/padraicbc/h5p/dom/css.go:342.12,343.23 1 1
github.com/padraicbc/h5p/dom/css.go:343.23,345.4 1 1
github.com/padraicbc/h5p/dom/css.go:346.3,346.49 1 1
github.com/padraicbc/h5p/dom/css.go:350.12,351.23 1 1
github.com/padraicbc/h5p/dom/css.go:351.23,353.4 1 1
github.com/padraicbc/h5p/dom/css.go:354.3,354.48 1 1
github.com/padraicbc/h5p/dom/css.go:358.2,358.75 1 1
github.com/padraicbc/h5p/dom/css.go:371.64,372.14 1 1
github.com/padraicbc/h5p/dom/css.go:372.14,374.3 1 0
github.com/padraicbc/h5p/dom/css.go:376.2,376.21 1 1
github.com/padraicbc/h5p/dom/css.go:379.21,381.52 2 1
github.com/padraicbc/h5p/dom/css.go:384.20,386.66 2 1
github.com/padraicbc/h5p/dom/css.go:389.20,391.53 2 1
github.com/padraicbc/h5p/dom/css.go:394.23,396.30 2 1
github.com/padraicbc/h5p/dom/css.go:396.30,397.24 1 1
github.com/padraicbc/h5p/dom/css.go:397.24,399.5 1 1
github.com/padraicbc/h5p/dom/css.go:401.3,401.20 1 0
github.com/padraicbc/h5p/dom/css.go:404.22,406.43 2 1
github.com/padraicbc/h5p/dom/css.go:406.43,407.34 1 1
github.com/padraicbc/h5p/dom/css.go:407.34,409.5 1 1
github.com/padraicbc/h5p/dom/css.go:411.3,411.20 1 0
github.com/padraicbc/h5p/dom/css.go:414.22,417.30 3 1
github.com/padraicbc/h5p/dom/css.go:417.30,418.24 1 1
github.com/padraicbc/h5p/dom/css.go:418.24,420.5 1 1
github.com/padraicbc/h5p/dom/css.go:422.3,422.25 1 1
github.com/padraicbc/h5p/dom/css.go:425.19,426.23 1 1
github.com/padraicbc/h5p/dom/css.go:426.23,428.4 1 1
github.com/padraicbc/h5p/dom/css.go:429.3,431.30 3 1
github.com/padraicbc/h5p/dom/css.go:431.30,432.14 1 1
github.com/padraicbc/h5p/dom/css.go:432.14,434.10 2 1
github.com/padraicbc/h5p/dom/css.go:437.3,437.18 1 1
github.com/padraicbc/h5p/dom/css.go:437.18,439.4 1 0
github.com/padraicbc/h5p/dom/css.go:440.3,441.17 2 1
github.com/padraicbc/h5p/dom/css.go:441.17,443.4 1 1
github.com/padraicbc/h5p/dom/css.go:444.3,444.17 1 1
github.com/padraicbc/h5p/dom/css.go:447.21,448.23 1 1
github.com/padraicbc/h5p/dom/css.go:448.23,450.4 1 1
github.com/padraicbc/h5p/dom/css.go:451.3,453.30 3 1
github.com/padraicbc/h5p/dom/css.go:453.30,454.24 1 1
github.com/padraicbc/h5p/dom/css.go:454.24,456.15 2 1
github.com/padraicbc/h5p/dom/css.go:456.15,457.11 1 1
github.com/padraicbc/h5p/dom/css.go:461.3,462.17 2 1
github.com/padraicbc/h5p/dom/css.go:462.17,464.4 1 1
github.com/padraicbc/h5p/dom/css.go:465.3,465.17 1 1
github.com/padraicbc/h5p/dom/css.go:468.14,469.27 1 1
github.com/padraicbc/h5p/dom/css.go:469.27,471.4 1 1
github.com/padraicbc/h5p/dom/css.go:472.3,472.61 1 1
github.com/padraicbc/h5p/dom/css.go:475.15,476.32 1 1
github.com/padraicbc/h5p/dom/css.go:476.32,477.16 1 1
github.com/padraicbc/h5p/dom/css.go:477.16,478.13 1 0
github.com/padraicbc/h5p/dom/css.go:481.4,481.38 1 1
github.com/padraicbc/h5p/dom/css.go:481.38,482.61 1 1
github.com/padraicbc/h5p/dom/css.go:482.61,484.6 1 1
github.com/padraicbc/h5p/dom/css.go:485.5,485.13 1 1
github.com/padraicbc/h5p/dom/css.go:487.4,487.21 1 0
github.com/padraicbc/h5p/dom/css.go:489.3,489.19 1 1
github.com/padraicbc/h5p/dom/css.go:492.13,494.42 1 1
github.com/padraicbc/h5p/dom/css.go:494.42,496.4 1 1
github.com/padraicbc/h5p/dom/css.go:498.3,499.17 2 1
github.com/padraicbc/h5p/dom/css.go:499.17,502.4 1 1
github.com/padraicbc/h5p/dom/css.go:505.3,505.46 1 1
github.com/padraicbc/h5p/dom/css.go:505.46,508.4 1 1
github.com/padraicbc/h5p/dom/css.go:510.3,511.17 2 1
github.com/padraicbc/h5p/dom/css.go:511.17,514.4 1 0
github.com/padraicbc/h5p/dom/css.go:516.3,516.18 1 1
github.com/padraicbc/h5p/dom/css.go:519.18,520.42 1 1
github.com/padraicbc/h5p/dom/css.go:520.42,522.4 1 1
github.com/padraicbc/h5p/dom/css.go:524.3,526.42 3 1
github.com/padraicbc/h5p/dom/css.go:531.2,531.74 1 1
github.com/padraicbc/h5p/dom/css.go:552.61,553.14 1 1
github.com/padraicbc/h5p/dom/css.go:553.14,555.3 1 1
github.com/padraicbc/h5p/dom/css.go:557.2,558.16 2 1
github.com/padraicbc/h5p/dom/css.go:558.16,560.3 1 1
github.com/padraicbc/h5p/dom/css.go:562.2,562.31 1 1
github.com/padraicbc/h5p/dom/css.go:565.13,566.25 1 1
github.com/padraicbc/h5p/dom/css.go:569.14,570.25 1 1
github.com/padraicbc/h5p/dom/css.go:574.2,574.38 1 1
github.com/padraicbc/h5p/dom/css.go:574.38,576.17 2 1
github.com/padraicbc/h5p/dom/css.go:576.17,578.4 1 1
github.com/padraicbc/h5p/dom/css.go:579.3,579.25 1 1
github.com/padraicbc/h5p/dom/css.go:583.2,584.9 2 1
github.com/padraicbc/h5p/dom/css.go:584.9,586.3 1 1
github.com/padraicbc/h5p/dom/css.go:589.2,589.12 1 1
github.com/padraicbc/h5p/dom/css.go:589.12,591.3 1 1
github.com/padraicbc/h5p/dom/css.go:594.2,595.17 2 1
github.com/padraicbc/h5p/dom/css.go:595.17,597.3 1 1
github.com/padraicbc/h5p/dom/css.go:599.2,600.20 2 1
github.com/padraicbc/h5p/dom/css.go:603.38,605.13 2 1
github.com/padraicbc/h5p/dom/css.go:605.13,607.3 1 1
github.com/padraicbc/h5p/dom/css.go:608.2,608.24 1 1
github.com/padraicbc/h5p/dom/css.go:611.56,614.18 3 1
github.com/padraicbc/h5p/dom/css.go:614.18,616.3 1 1
github.com/padraicbc/h5p/dom/css.go:618.2,619.15 2 1
github.com/padraicbc/h5p/dom/css.go:620.15,621.8 1 1
github.com/padraicbc/h5p/dom/css.go:622.11,623.9 1 1
github.com/padraicbc/h5p/dom/css.go:624.10,627.17 3 1
github.com/padraicbc/h5p/dom/css.go:627.17,629.4 1 1
github.com/padraicbc/h5p/dom/css.go:632.2,633.17 2 1
github.com/padraicbc/h5p/dom/css.go:633.17,636.3 2 1
github.com/padraicbc/h5p/dom/css.go:637.2,639.16 3 1
github.com/padraicbc/h5p/dom/css.go:639.16,641.3 1 0
github.com/padraicbc/h5p/dom/css.go:642.2,642.19 1 1
github.com/padraicbc/h5p/dom/css.go:645.47,648.17 2 1
github.com/padraicbc/h5p/dom/css.go:648.17,650.39 2 1
github.com/padraicbc/h5p/dom/css.go:650.39,651.9 1 0
github.com/padraicbc/h5p/dom/css.go:655.3,655.16 1 1
github.com/padraicbc/h5p/dom/css.go:655.16,657.19 2 1
github.com/padraicbc/h5p/dom/css.go:657.19,658.10 1 0
github.com/padraicbc/h5p/dom/css.go:661.4,664.46 2 1
github.com/padraicbc/h5p/dom/css.go:664.46,666.13 2 0
github.com/padraicbc/h5p/dom/css.go:670.4,670.22 1 1
github.com/padraicbc/h5p/dom/css.go:670.22,674.54 3 1
github.com/padraicbc/h5p/dom/css.go:674.54,676.25 2 1
github.com/padraicbc/h5p/dom/css.go:676.25,677.12 1 1
github.com/padraicbc/h5p/dom/css.go:679.6,680.13 2 1
github.com/padraicbc/h5p/dom/css.go:683.5,684.19 2 1
github.com/padraicbc/h5p/dom/css.go:684.19,686.6 1 1
github.com/padraicbc/h5p/dom/css.go:689.5,689.19 1 1
github.com/padraicbc/h5p/dom/css.go:689.19,691.24 2 1
github.com/padraicbc/h5p/dom/css.go:691.24,693.7 1 1
github.com/padraicbc/h5p/dom/css.go:695.5,695.13 1 1
github.com/padraicbc/h5p/dom/css.go:699.4,701.12 3 1
github.com/padraicbc/h5p/dom/css.go:705.3,705.22 1 1
github.com/padraicbc/h5p/dom/css.go:705.22,706.9 1 1
github.com/padraicbc/h5p/dom/css.go:709.3,710.12 2 1
github.com/padraicbc/h5p/dom/css.go:713.2,713.24 1 1
github.com/padraicbc/h5p/dom/css.go:715.30,717.2 1 1
github.com/padraicbc/h5p/dom/css.go:719.31,723.2 1 1
github.com/padraicbc/h5p/dom/css.go:728.30,732.2 1 1
github.com/padraicbc/h5p/dom/css.go:734.57,735.34 1 1
github.com/padraicbc/h5p/dom/css.go:735.34,737.3 1 1
github.com/padraicbc/h5p/dom/css.go:739.2,742.31 3 1
github.com/padraicbc/h5p/dom/css.go:742.31,743.37 1 1
github.com/padraicbc/h5p/dom/css.go:743.37,745.4 1 1
github.com/padraicbc/h5p/dom/css.go:746.3,747.17 2 1
github.com/padraicbc/h5p/dom/css.go:747.17,749.4 1 1
github.com/padraicbc/h5p/dom/css.go:751.3,751.22 1 1
github.com/padraicbc/h5p/dom/css.go:751.22,753.4 1 0
github.com/padraicbc/h5p/dom/css.go:755.3,755.33 1 1
github.com/padraicbc/h5p/dom/css.go:758.2,758.20 1 1
github.com/padraicbc/h5p/dom/css.go:761.49,767.30 5 1
github.com/padraicbc/h5p/dom/css.go:767.30,769.13 2 1
github.com/padraicbc/h5p/dom/css.go:770.18,771.17 1 1
github.com/padraicbc/h5p/dom/css.go:772.11,773.15 1 1
github.com/padraicbc/h5p/dom/css.go:774.12,775.14 1 1
github.com/padraicbc/h5p/dom/css.go:777.17,778.18 1 1
github.com/padraicbc/h5p/dom/css.go:778.18,780.5 1 1
github.com/padraicbc/h5p/dom/css.go:781.17,782.31 1 1
github.com/padraicbc/h5p/dom/css.go:782.31,784.5 1 1
github.com/padraicbc/h5p/dom/css.go:785.11,786.51 1 1
github.com/padraicbc/h5p/dom/css.go:786.51,789.5 2 1
github.com/padraicbc/h5p/dom/css.go:793.2,794.14 2 1
github.com/padraicbc/h5p/dom/css.go:820.52,821.34 1 1
github.com/padraicbc/h5p/dom/css.go:821.34,823.3 1 0
github.com/padraicbc/h5p/dom/css.go:825.2,831.24 6 1
github.com/padraicbc/h5p/dom/css.go:831.24,832.24 1 1
github.com/padraicbc/h5p/dom/css.go:832.24,834.4 1 0
github.com/padraicbc/h5p/dom/css.go:835.3,836.17 2 1
github.com/padraicbc/h5p/dom/css.go:836.17,838.4 1 1
github.com/padraicbc/h5p/dom/css.go:839.3,845.13 4 1
github.com/padraicbc/h5p/dom/css.go:848.2,848.39 1 1
github.com/padraicbc/h5p/dom/css.go:848.39,849.37 1 1
github.com/padraicbc/h5p/dom/css.go:849.37,850.24 1 1
github.com/padraicbc/h5p/dom/css.go:850.24,852.5 1 1
github.com/padraicbc/h5p/dom/css.go:854.3,854.11 1 0
github.com/padraicbc/h5p/dom/css.go:857.2,857.28 1 1
github.com/padraicbc/h5p/dom/css.go:857.28,859.39 2 1
github.com/padraicbc/h5p/dom/css.go:859.39,861.4 1 0
github.com/padraicbc/h5p/dom/css.go:863.3,863.16 1 1
github.com/padraicbc/h5p/dom/css.go:863.16,866.20 2 1
github.com/padraicbc/h5p/dom/css.go:866.20,870.47 2 1
github.com/padraicbc/h5p/dom/css.go:870.47,872.54 2 1
github.com/padraicbc/h5p/dom/css.go:872.54,874.7 1 0
github.com/padraicbc/h5p/dom/css.go:875.6,875.14 1 1
github.com/padraicbc/h5p/dom/css.go:878.5,883.56 4 1
github.com/padraicbc/h5p/dom/css.go:883.56,885.25 2 1
github.com/padraicbc/h5p/dom/css.go:885.25,886.12 1 1
github.com/padraicbc/h5p/dom/css.go:888.6,889.13 2 1
github.com/padraicbc/h5p/dom/css.go:893.5,893.21 1 1
github.com/padraicbc/h5p/dom/css.go:893.21,895.24 2 1
github.com/padraicbc/h5p/dom/css.go:895.24,898.7 2 1
github.com/padraicbc/h5p/dom/css.go:900.10,902.5 1 0
github.com/padraicbc/h5p/dom/css.go:903.4,903.12 1 1
github.com/padraicbc/h5p/dom/css.go:906.3,906.17 1 1
github.com/padraicbc/h5p/dom/css.go:906.17,907.13 1 1
github.com/padraicbc/h5p/dom/css.go:908.19,909.20 1 1
github.com/padraicbc/h5p/dom/css.go:911.18,912.12 1 1
github.com/padraicbc/h5p/dom/css.go:914.18,915.18 1 1
github.com/padraicbc/h5p/dom/css.go:915.18,917.6 1 1
github.com/padraicbc/h5p/dom/css.go:919.12,920.19 1 1
github.com/padraicbc/h5p/dom/css.go:920.19,921.42 1 1
github.com/padraicbc/h5p/dom/css.go:921.42,922.28 1 1
github.com/padraicbc/h5p/dom/css.go:922.28,924.8 1 1
github.com/padraicbc/h5p/dom/css.go:925.7,925.37 1 1
github.com/padraicbc/h5p/dom/css.go:925.37,927.8 1 0
github.com/padraicbc/h5p/dom/css.go:928.7,930.15 3 1
github.com/padraicbc/h5p/dom/css.go:933.6,933.23 1 1
github.com/padraicbc/h5p/dom/css.go:933.23,935.84 1 1
github.com/padraicbc/h5p/dom/css.go:935.84,937.16 2 1
github.com/padraicbc/h5p/dom/css.go:941.7,941.28 1 1
github.com/padraicbc/h5p/dom/css.go:941.28,942.38 1 1
github.com/padraicbc/h5p/dom/css.go:942.38,944.9 1 0
github.com/padraicbc/h5p/dom/css.go:945.8,945.23 1 1
github.com/padraicbc/h5p/dom/css.go:947.7,948.15 2 1
github.com/padraicbc/h5p/dom/css.go:952.9,952.30 1 1
github.com/padraicbc/h5p/dom/css.go:952.30,954.4 1 1
github.com/padraicbc/h5p/dom/css.go:956.3,957.12 2 1
github.com/padraicbc/h5p/dom/css.go:960.2,960.30 1 1
github.com/padraicbc/h5p/dom/css.go:960.30,962.3 1 1
github.com/padraicbc/h5p/dom/css.go:964.2,964.23 1 1
github.com/padraicbc/h5p/dom/css.go:964.23,965.33 1 1
github.com/padraicbc/h5p/dom/css.go:965.33,967.4 1 1
github.com/padraicbc/h5p/dom/css.go:968.8,968.29 1 1
github.com/padraicbc/h5p/dom/css.go:968.29,970.3 1 1
github.com/padraicbc/h5p/dom/css.go:972.2,972.19 1 1
github.com/padraicbc/h5p/dom/css.go:998.59,1002.20 3 1
github.com/padraicbc/h5p/dom/css.go:1002.20,1005.13 2 1
github.com/padraicbc/h5p/dom/css.go:1006.12,1008.18 2 1
github.com/padraicbc/h5p/dom/css.go:1008.18,1010.5 1 1
github.com/padraicbc/h5p/dom/css.go:1011.4,1012.12 2 1
github.com/padraicbc/h5p/dom/css.go:1014.12,1016.18 2 1
github.com/padraicbc/h5p/dom/css.go:1016.18,1018.5 1 1
github.com/padraicbc/h5p/dom/css.go:1019.4,1020.12 2 1
github.com/padraicbc/h5p/dom/css.go:1022.12,1027.37 4 1
github.com/padraicbc/h5p/dom/css.go:1027.37,1028.19 1 1
github.com/padraicbc/h5p/dom/css.go:1028.19,1029.23 1 1
github.com/padraicbc/h5p/dom/css.go:1030.21,1031.24 1 1
github.com/padraicbc/h5p/dom/css.go:1032.15,1033.14 1 0
github.com/padraicbc/h5p/dom/css.go:1034.15,1035.14 1 1
github.com/padraicbc/h5p/dom/css.go:1037.11,1037.34 1 1
github.com/padraicbc/h5p/dom/css.go:1037.34,1039.6 1 1
github.com/padraicbc/h5p/dom/css.go:1040.5,1040.10 1 1
github.com/padraicbc/h5p/dom/css.go:1043.4,1043.32 1 1
github.com/padraicbc/h5p/dom/css.go:1043.32,1045.5 1 0
github.com/padraicbc/h5p/dom/css.go:1047.4,1049.18 3 1
github.com/padraicbc/h5p/dom/css.go:1049.18,1051.5 1 1
github.com/padraicbc/h5p/dom/css.go:1052.4,1053.11 2 1
github.com/padraicbc/h5p/dom/css.go:1055.12,1057.18 2 1
github.com/padraicbc/h5p/dom/css.go:1057.18,1059.5 1 1
github.com/padraicbc/h5p/dom/css.go:1060.4,1063.39 3 1
github.com/padraicbc/h5p/dom/css.go:1063.39,1068.36 4 1
github.com/padraicbc/h5p/dom/css.go:1068.36,1069.20 1 1
github.com/padraicbc/h5p/dom/css.go:1069.20,1070.22 1 1
github.com/padraicbc/h5p/dom/css.go:1071.22,1072.23 1 1
github.com/padraicbc/h5p/dom/css.go:1073.16,1074.15 1 0
github.com/padraicbc/h5p/dom/css.go:1075.16,1076.15 1 1
github.com/padraicbc/h5p/dom/css.go:1078.12,1078.33 1 1
github.com/padraicbc/h5p/dom/css.go:1078.33,1080.7 1 1
github.com/padraicbc/h5p/dom/css.go:1081.6,1081.9 1 1
github.com/padraicbc/h5p/dom/css.go:1084.5,1084.33 1 1
github.com/padraicbc/h5p/dom/css.go:1084.33,1086.6 1 0
github.com/padraicbc/h5p/dom/css.go:1088.5,1089.10 2 1
github.com/padraicbc/h5p/dom/css.go:1092.4,1093.59 2 1
github.com/padraicbc/h5p/dom/css.go:1093.59,1095.5 1 1
github.com/padraicbc/h5p/dom/css.go:1097.4,1100.6 1 1
github.com/padraicbc/h5p/dom/css.go:1102.11,1103.22 1 1
github.com/padraicbc/h5p/dom/css.go:1103.22,1105.5 1 1
github.com/padraicbc/h5p/dom/css.go:1107.4,1108.17 2 1
github.com/padraicbc/h5p/dom/css.go:1108.17,1110.5 1 0
github.com/padraicbc/h5p/dom/css.go:1112.4,1113.12 2 1
github.com/padraicbc/h5p/dom/css.go:1117.2,1117.20 1 1
github.com/padraicbc/h5p/dom/css.go:1117.20,1119.3 1 1
github.com/padraicbc/h5p/dom/css.go:1121.2,1121.18 1 1
github.com/padraicbc/h5p/dom/css.go:1143.54,1145.19 2 1
github.com/padraicbc/h5p/dom/css.go:1145.19,1147.3 1 1
github.com/padraicbc/h5p/dom/css.go:1149.2,1151.25 2 1
github.com/padraicbc/h5p/dom/css.go:1151.25,1152.51 1 1
github.com/padraicbc/h5p/dom/css.go:1152.51,1156.18 3 1
github.com/padraicbc/h5p/dom/css.go:1156.18,1158.5 1 0
github.com/padraicbc/h5p/dom/css.go:1159.4,1159.17 1 1
github.com/padraicbc/h5p/dom/css.go:1159.17,1161.5 1 1
github.com/padraicbc/h5p/dom/css.go:1164.4,1170.10 2 1
github.com/padraicbc/h5p/dom/css.go:1175.2,1176.16 2 1
github.com/padraicbc/h5p/dom/css.go:1176.16,1178.3 1 0
github.com/padraicbc/h5p/dom/css.go:1180.2,1183.8 1 1
github.com/padraicbc/h5p/dom/css.go:1187.50,1188.17 1 1
github.com/padraicbc/h5p/dom/css.go:1188.17,1190.3 1 1
github.com/padraicbc/h5p/dom/css.go:1192.2,1193.16 2 1
github.com/padraicbc/h5p/dom/css.go:1193.16,1195.3 1 1
github.com/padraicbc/h5p/dom/css.go:1197.2,1200.23 3 1
github.com/padraicbc/h5p/dom/css.go:1200.23,1201.36 1 1
github.com/padraicbc/h5p/dom/css.go:1201.36,1202.33 1 1
github.com/padraicbc/h5p/dom/css.go:1202.33,1204.25 2 1
github.com/padraicbc/h5p/dom/css.go:1204.25,1206.11 2 1
github.com/padraicbc/h5p/dom/css.go:1209.4,1209.15 1 1
github.com/padraicbc/h5p/dom/css.go:1212.3,1212.24 1 1
github.com/padraicbc/h5p/dom/css.go:1212.24,1213.33 1 1
github.com/padraicbc/h5p/dom/css.go:1213.33,1215.25 2 1
github.com/padraicbc/h5p/dom/css.go:1215.25,1217.11 2 1
github.com/padraicbc/h5p/dom/css.go:1220.4,1220.20 1 1
github.com/padraicbc/h5p/dom/css.go:1224.2,1225.12 2 1
github.com/padraicbc/h5p/dom/css.go:1229.53,1230.17 1 1
github.com/padraicbc/h5p/dom/css.go:1230.17,1232.3 1 0
github.com/padraicbc/h5p/dom/css.go:1234.2,1235.16 2 1
github.com/padraicbc/h5p/dom/css.go:1235.16,1237.3 1 0
github.com/padraicbc/h5p/dom/css.go:1239.2,1241.28 3 1
github.com/padraicbc/h5p/dom/css.go:1241.28,1242.36 1 1
github.com/padraicbc/h5p/dom/css.go:1242.36,1243.33 1 1
github.com/padraicbc/h5p/dom/css.go:1243.33,1245.25 2 1
github.com/padraicbc/h5p/dom/css.go:1245.25,1248.6 2 1
github.com/padraicbc/h5p/dom/css.go:1250.4,1250.19 1 1
github.com/padraicbc/h5p/dom/css.go:1250.19,1252.5 1 1
github.com/padraicbc/h5p/dom/css.go:1255.3,1255.24 1 1
github.com/padraicbc/h5p/dom/css.go:1255.24,1256.33 1 1
github.com/padraicbc/h5p/dom/css.go:1256.33,1258.25 2 1
github.com/padraicbc/h5p/dom/css.go:1258.25,1261.6 2 0
github.com/padraicbc/h5p/dom/css.go:1263.4,1263.24 1 1
github.com/padraicbc/h5p/dom/css.go:1263.24,1265.5 1 1
github.com/padraicbc/h5p/dom/css.go:1267.3,1267.15 1 1
github.com/padraicbc/h5p/dom/css.go:1270.2,1271.14 2 1
github.com/padraicbc/h5p/dom/css.go:1275.48,1276.17 1 1
github.com/padraicbc/h5p/dom/css.go:1276.17,1278.3 1 1
github.com/padraicbc/h5p/dom/css.go:1280.2,1280.39 1 1
github.com/padraicbc/h5p/dom/css.go:1280.39,1281.41 1 1
github.com/padraicbc/h5p/dom/css.go:1284.2,1285.16 2 1
github.com/padraicbc/h5p/dom/css.go:1285.16,1286.13 1 0
github.com/padraicbc/h5p/dom/css.go:1289.2,1289.31 1 1
github.com/padraicbc/h5p/dom/css.go:1289.31,1291.17 2 1
github.com/padraicbc/h5p/dom/css.go:1291.17,1292.14 1 0
github.com/padraicbc/h5p/dom/css.go:1294.3,1294.9 1 1
github.com/padraicbc/h5p/dom/css.go:1294.9,1296.4 1 1
github.com/padraicbc/h5p/dom/css.go:1298.2,1298.14 1 1
github.com/padraicbc/h5p/dom/error.go:10.39,12.2 1 1
github.com/padraicbc/h5p/dom/node.go:20.26,27.2 1 1
github.com/padraicbc/h5p/dom/node.go:30.41,31.30 1 1
github.com/padraicbc/h5p/dom/node.go:31.30,33.3 1 1
github.com/padraicbc/h5p/dom/node.go:34.2,35.18 2 1
github.com/padraicbc/h5p/dom/node.go:38.36,39.14 1 1
github.com/padraicbc/h5p/dom/node.go:39.14,41.3 1 1
github.com/padraicbc/h5p/dom/node.go:43.2,45.44 3 1
github.com/padraicbc/h5p/dom/node.go:48.65,49.14 1 1
github.com/padraicbc/h5p/dom/node.go:49.14,51.3 1 0
github.com/padraicbc/h5p/dom/node.go:53.2,53.33 1 1
github.com/padraicbc/h5p/dom/node.go:54.15,56.9 2 1
github.com/padraicbc/h5p/dom/node.go:57.18,58.9 1 1
github.com/padraicbc/h5p/dom/node.go:59.53,60.32 1 1
github.com/padraicbc/h5p/dom/node.go:60.32,62.4 1 1
github.com/padraicbc/h5p/dom/node.go:63.3,63.9 1 1
github.com/padraicbc/h5p/dom/node.go:64.12,66.9 2 1
github.com/padraicbc/h5p/dom/node.go:67.18,69.32 2 1
github.com/padraicbc/h5p/dom/node.go:69.32,71.4 1 1
github.com/padraicbc/h5p/dom/node.go:72.3,72.22 1 1
github.com/padraicbc/h5p/dom/node.go:72.22,74.4 1 1
github.com/padraicbc/h5p/dom/node.go:75.3,75.9 1 1
github.com/padraicbc/h5p/dom/node.go:76.21,78.32 2 1
github.com/padraicbc/h5p/dom/node.go:78.32,80.4 1 1
github.com/padraicbc/h5p/dom/node.go:81.3,82.9 2 1
github.com/padraicbc/h5p/dom/node.go:83.17,85.32 2 1
github.com/padraicbc/h5p/dom/node.go:85.32,87.4 1 1
github.com/padraicbc/h5p/dom/node.go:88.3,89.9 2 1
github.com/padraicbc/h5p/dom/node.go:90.14,92.32 2 1
github.com/padraicbc/h5p/dom/node.go:92.32,94.4 1 1
github.com/padraicbc/h5p/dom/node.go:95.3,96.9 2 1
github.com/padraicbc/h5p/dom/node.go:97.11,100.17 3 1
github.com/padraicbc/h5p/dom/node.go:100.17,103.4 2 0
github.com/padraicbc/h5p/dom/node.go:104.3,104.17 1 1
github.com/padraicbc/h5p/dom/node.go:104.17,106.4 1 0
github.com/padraicbc/h5p/dom/node.go:107.3,112.9 6 1
github.com/padraicbc/h5p/dom/node.go:113.18,115.32 2 1
github.com/padraicbc/h5p/dom/node.go:115.32,116.51 1 1
github.com/padraicbc/h5p/dom/node.go:116.51,117.13 1 0
github.com/padraicbc/h5p/dom/node.go:119.4,119.41 1 1
github.com/padraicbc/h5p/dom/node.go:121.3,122.9 2 1
github.com/padraicbc/h5p/dom/node.go:123.12,125.9 2 0
github.com/padraicbc/h5p/dom/node.go:126.42,128.16 2 1
github.com/padraicbc/h5p/dom/node.go:128.16,130.4 1 0
github.com/padraicbc/h5p/dom/node.go:131.3,131.16 1 1
github.com/padraicbc/h5p/dom/node.go:131.16,133.4 1 0
github.com/padraicbc/h5p/dom/node.go:134.3,136.32 3 1
github.com/padraicbc/h5p/dom/node.go:136.32,138.4 1 1
github.com/padraicbc/h5p/dom/node.go:139.3,140.9 2 1
github.com/padraicbc/h5p/dom/node.go:143.2,143.31 1 1
github.com/padraicbc/h5p/dom/node.go:143.31,145.3 1 1
github.com/padraicbc/h5p/dom/node.go:148.79,149.14 1 1
github.com/padraicbc/h5p/dom/node.go:149.14,151.3 1 0
github.com/padraicbc/h5p/dom/node.go:152.2,153.13 2 1
github.com/padraicbc/h5p/dom/node.go:153.13,155.15 2 1
github.com/padraicbc/h5p/dom/node.go:155.15,157.4 1 1
github.com/padraicbc/h5p/dom/node.go:158.3,159.22 2 1
github.com/padraicbc/h5p/dom/node.go:160.8,162.3 1 1
github.com/padraicbc/h5p/dom/node.go:163.2,163.31 1 1
github.com/padraicbc/h5p/dom/node.go:163.31,165.3 1 1
github.com/padraicbc/h5p/dom/node.go:166.2,166.19 1 1
github.com/padraicbc/h5p/dom/node.go:169.29,170.33 1 1
github.com/padraicbc/h5p/dom/node.go:170.33,172.3 1 1
github.com/padraicbc/h5p/dom/node.go:173.2,174.38 2 1
github.com/padraicbc/h5p/dom/node.go:174.38,175.50 1 1
github.com/padraicbc/h5p/dom/node.go:175.50,177.14 2 1
github.com/padraicbc/h5p/dom/node.go:177.14,179.5 1 1
github.com/padraicbc/h5p/dom/node.go:182.2,182.10 1 1
github.com/padraicbc/h5p/dom/node.go:185.39,186.14 1 1
github.com/padraicbc/h5p/dom/node.go:186.14,188.3 1 1
github.com/padraicbc/h5p/dom/node.go:189.2,191.26 3 1
github.com/padraicbc/h5p/dom/node.go:191.26,192.18 1 1
github.com/padraicbc/h5p/dom/node.go:192.18,194.4 1 0
github.com/padraicbc/h5p/dom/node.go:195.3,195.27 1 1
github.com/padraicbc/h5p/dom/node.go:195.27,198.4 2 1
github.com/padraicbc/h5p/dom/node.go:199.3,199.35 1 1
github.com/padraicbc/h5p/dom/node.go:199.35,201.4 1 1
github.com/padraicbc/h5p/dom/node.go:203.2,203.31 1 1
github.com/padraicbc/h5p/dom/node.go:203.31,205.3 1 1
github.com/padraicbc/h5p/dom/node.go:206.2,206.19 1 1
github.com/padraicbc/h5p/dom/node.go:211.60,212.14 1 1
github.com/padraicbc/h5p/dom/node.go:212.14,214.3 1 0
github.com/padraicbc/h5p/dom/node.go:215.2,217.34 2 1
github.com/padraicbc/h5p/dom/node.go:217.34,218.12 1 1
github.com/padraicbc/h5p/dom/node.go:218.12,220.4 1 1
github.com/padraicbc/h5p/dom/node.go:221.3,221.17 1 1
github.com/padraicbc/h5p/dom/node.go:221.17,223.4 1 0
github.com/padraicbc/h5p/dom/node.go:224.3,224.37 1 1
github.com/padraicbc/h5p/dom/node.go:224.37,226.4 1 1
github.com/padraicbc/h5p/dom/node.go:227.3,227.22 1 1
github.com/padraicbc/h5p/dom/node.go:230.2,231.26 2 1
github.com/padraicbc/h5p/dom/node.go:231.26,232.18 1 1
github.com/padraicbc/h5p/dom/node.go:232.18,234.4 1 0
github.com/padraicbc/h5p/dom/node.go:235.3,235.27 1 1
github.com/padraicbc/h5p/dom/node.go:235.27,238.4 2 1
github.com/padraicbc/h5p/dom/node.go:239.3,239.39 1 1
github.com/padraicbc/h5p/dom/node.go:239.39,241.4 1 1
github.com/padraicbc/h5p/dom/node.go:243.2,244.19 2 1
github.com/padraicbc/h5p/dom/node.go:248.59,250.2 1 1
github.com/padraicbc/h5p/dom/node.go:254.30,255.14 1 1
github.com/padraicbc/h5p/dom/node.go:255.14,257.3 1 0
github.com/padraicbc/h5p/dom/node.go:258.2,258.23 1 1
github.com/padraicbc/h5p/dom/node.go:258.23,260.3 1 1
github.com/padraicbc/h5p/dom/node.go:261.2,261.26 1 1
github.com/padraicbc/h5p/dom/node.go:261.26,263.3 1 1
github.com/padraicbc/h5p/dom/node.go:264.2,265.31 2 1
github.com/padraicbc/h5p/dom/node.go:265.31,266.36 1 1
github.com/padraicbc/h5p/dom/node.go:266.36,268.4 1 1
github.com/padraicbc/h5p/dom/node.go:270.2,270.19 1 1
github.com/padraicbc/h5p/dom/node.go:275.33,276.38 1 1
github.com/padraicbc/h5p/dom/node.go:276.38,278.3 1 1
github.com/padraicbc/h5p/dom/node.go:280.2,284.21 3 1
github.com/padraicbc/h5p/dom/node.go:284.21,289.32 4 1
github.com/padraicbc/h5p/dom/node.go:289.32,290.25 1 1
github.com/padraicbc/h5p/dom/node.go:290.25,292.5 1 1
github.com/padraicbc/h5p/dom/node.go:292.10,294.5 1 1
github.com/padraicbc/h5p/dom/node.go:299.2,299.21 1 1
github.com/padraicbc/h5p/dom/node.go:303.41,304.32 1 1
github.com/padraicbc/h5p/dom/node.go:304.32,306.3 1 1
github.com/padraicbc/h5p/dom/node.go:307.2,307.32 1 1
github.com/padraicbc/h5p/dom/node.go:307.32,308.15 1 1
github.com/padraicbc/h5p/dom/node.go:308.15,310.4 1 1
github.com/padraicbc/h5p/dom/node.go:311.3,311.12 1 1
github.com/padraicbc/h5p/dom/node.go:313.2,313.28 1 1
github.com/padraicbc/h5p/dom/node.go:313.28,314.45 1 1
github.com/padraicbc/h5p/dom/node.go:314.45,316.4 1 1
github.com/padraicbc/h5p/dom/node.go:318.2,318.11 1 1
github.com/padraicbc/h5p/dom/serialize.go:31.61,32.17 1 1
github.com/padraicbc/h5p/dom/serialize.go:32.17,34.3 1 1
github.com/padraicbc/h5p/dom/serialize.go:36.2,36.27 1 1
github.com/padraicbc/h5p/dom/serialize.go:36.27,37.30 1 1
github.com/padraicbc/h5p/dom/serialize.go:37.30,39.4 1 1
github.com/padraicbc/h5p/dom/serialize.go:41.3,41.13 1 1
github.com/padraicbc/h5p/dom/serialize.go:41.13,43.40 2 1
github.com/padraicbc/h5p/dom/serialize.go:43.40,44.21 1 1
github.com/padraicbc/h5p/dom/serialize.go:44.21,45.14 1 0
github.com/padraicbc/h5p/dom/serialize.go:47.5,48.19 2 1
github.com/padraicbc/h5p/dom/serialize.go:48.19,50.6 1 1
github.com/padraicbc/h5p/dom/serialize.go:52.4,52.36 1 1
github.com/padraicbc/h5p/dom/serialize.go:55.3,56.39 2 1
github.com/padraicbc/h5p/dom/serialize.go:56.39,57.20 1 1
github.com/padraicbc/h5p/dom/serialize.go:57.20,58.13 1 0
github.com/padraicbc/h5p/dom/serialize.go:60.4,60.59 1 1
github.com/padraicbc/h5p/dom/serialize.go:62.3,62.20 1 1
github.com/padraicbc/h5p/dom/serialize.go:65.2,65.48 1 1
github.com/padraicbc/h5p/dom/serialize.go:70.73,71.17 1 1
github.com/padraicbc/h5p/dom/serialize.go:71.17,73.3 1 0
github.com/padraicbc/h5p/dom/serialize.go:75.2,77.12 3 1
github.com/padraicbc/h5p/dom/serialize.go:77.12,78.35 1 1
github.com/padraicbc/h5p/dom/serialize.go:78.35,80.4 1 1
github.com/padraicbc/h5p/dom/serialize.go:81.3,81.17 1 1
github.com/padraicbc/h5p/dom/serialize.go:84.2,86.14 2 1
github.com/padraicbc/h5p/dom/serialize.go:87.15,89.13 2 1
github.com/padraicbc/h5p/dom/serialize.go:89.13,91.18 2 1
github.com/padraicbc/h5p/dom/serialize.go:91.18,93.5 1 1
github.com/padraicbc/h5p/dom/serialize.go:94.4,94.36 1 1
github.com/padraicbc/h5p/dom/serialize.go:96.3,96.17 1 1
github.com/padraicbc/h5p/dom/serialize.go:96.17,98.4 1 0
github.com/padraicbc/h5p/dom/serialize.go:99.3,99.26 1 1
github.com/padraicbc/h5p/dom/serialize.go:101.18,102.45 1 1
github.com/padraicbc/h5p/dom/serialize.go:104.18,105.36 1 1
github.com/padraicbc/h5p/dom/serialize.go:107.28,108.30 1 1
github.com/padraicbc/h5p/dom/serialize.go:108.30,110.4 1 0
github.com/padraicbc/h5p/dom/serialize.go:111.3,111.13 1 1
github.com/padraicbc/h5p/dom/serialize.go:111.13,113.40 2 1
github.com/padraicbc/h5p/dom/serialize.go:113.40,114.21 1 1
github.com/padraicbc/h5p/dom/serialize.go:114.21,115.14 1 0
github.com/padraicbc/h5p/dom/serialize.go:117.5,118.19 2 1
github.com/padraicbc/h5p/dom/serialize.go:118.19,120.6 1 1
github.com/padraicbc/h5p/dom/serialize.go:122.4,122.39 1 1
github.com/padraicbc/h5p/dom/serialize.go:124.3,125.39 2 1
github.com/padraicbc/h5p/dom/serialize.go:125.39,126.20 1 1
github.com/padraicbc/h5p/dom/serialize.go:126.20,127.13 1 0
github.com/padraicbc/h5p/dom/serialize.go:129.4,129.64 1 1
github.com/padraicbc/h5p/dom/serialize.go:131.3,131.20 1 1
github.com/padraicbc/h5p/dom/serialize.go:134.2,136.25 2 1
github.com/padraicbc/h5p/dom/serialize.go:136.25,138.3 1 1
github.com/padraicbc/h5p/dom/serialize.go:140.2,141.24 2 1
github.com/padraicbc/h5p/dom/serialize.go:141.24,143.3 1 1
github.com/padraicbc/h5p/dom/serialize.go:145.2,146.33 2 1
github.com/padraicbc/h5p/dom/serialize.go:146.33,147.19 1 1
github.com/padraicbc/h5p/dom/serialize.go:147.19,148.12 1 0
github.com/padraicbc/h5p/dom/serialize.go:150.3,150.28 1 1
github.com/padraicbc/h5p/dom/serialize.go:150.28,152.9 2 1
github.com/padraicbc/h5p/dom/serialize.go:156.2,156.23 1 1
github.com/padraicbc/h5p/dom/serialize.go:156.23,158.3 1 1
github.com/padraicbc/h5p/dom/serialize.go:160.2,163.33 3 1
github.com/padraicbc/h5p/dom/serialize.go:163.33,164.19 1 1
github.com/padraicbc/h5p/dom/serialize.go:164.19,165.12 1 0
github.com/padraicbc/h5p/dom/serialize.go:167.3,168.17 2 1
github.com/padraicbc/h5p/dom/serialize.go:168.17,170.4 1 1
github.com/padraicbc/h5p/dom/serialize.go:172.2,174.12 2 1
github.com/padraicbc/h5p/dom/serialize.go:174.12,176.3 1 1
github.com/padraicbc/h5p/dom/serialize.go:178.2,180.26 3 1
github.com/padraicbc/h5p/dom/serialize.go:180.26,182.3 1 1
github.com/padraicbc/h5p/dom/serialize.go:183.2,184.26 2 1
github.com/padraicbc/h5p/dom/serialize.go:184.26,186.3 1 1
github.com/padraicbc/h5p/dom/serialize.go:187.2,187.19 1 1
github.com/padraicbc/h5p/dom/serialize.go:192.34,193.13 1 1
github.com/padraicbc/h5p/dom/serialize.go:193.13,195.3 1 1
github.com/padraicbc/h5p/dom/serialize.go:196.2,196.32 1 1
github.com/padraicbc/h5p/dom/serialize.go:201.41,202.68 1 1
github.com/padraicbc/h5p/dom/serialize.go:202.68,204.3 1 1
github.com/padraicbc/h5p/dom/serialize.go:205.2,205.12 1 1
github.com/padraicbc/h5p/dom/serialize.go:210.55,211.17 1 1
github.com/padraicbc/h5p/dom/serialize.go:211.17,213.3 1 1
github.com/padraicbc/h5p/dom/serialize.go:214.2,214.18 1 1
github.com/padraicbc/h5p/dom/serialize.go:214.18,216.3 1 1
github.com/padraicbc/h5p/dom/serialize.go:217.2,217.42 1 1
github.com/padraicbc/h5p/dom/serialize.go:222.45,223.17 1 1
github.com/padraicbc/h5p/dom/serialize.go:223.17,225.3 1 0
github.com/padraicbc/h5p/dom/serialize.go:226.2,226.34 1 1
github.com/padraicbc/h5p/dom/serialize.go:226.34,228.13 2 1
github.com/padraicbc/h5p/dom/serialize.go:229.28,230.16 1 1
github.com/padraicbc/h5p/dom/serialize.go:231.36,232.16 1 1
github.com/padraicbc/h5p/dom/serialize.go:235.2,235.13 1 1
github.com/padraicbc/h5p/dom/serialize.go:240.70,245.20 4 1
github.com/padraicbc/h5p/dom/serialize.go:245.20,247.24 2 1
github.com/padraicbc/h5p/dom/serialize.go:247.24,249.4 1 1
github.com/padraicbc/h5p/dom/serialize.go:250.3,252.28 2 1
github.com/padraicbc/h5p/dom/serialize.go:252.28,255.38 3 1
github.com/padraicbc/h5p/dom/serialize.go:255.38,257.13 2 1
github.com/padraicbc/h5p/dom/serialize.go:259.4,260.34 2 1
github.com/padraicbc/h5p/dom/serialize.go:260.34,264.13 4 1
github.com/padraicbc/h5p/dom/serialize.go:266.4,271.22 6 1
github.com/padraicbc/h5p/dom/serialize.go:275.2,276.19 2 1
github.com/padraicbc/h5p/dom/serialize.go:280.42,282.2 1 1
github.com/padraicbc/h5p/dom/serialize.go:286.42,288.33 2 1
github.com/padraicbc/h5p/dom/serialize.go:288.33,289.19 1 1
github.com/padraicbc/h5p/dom/serialize.go:289.19,290.12 1 0
github.com/padraicbc/h5p/dom/serialize.go:292.3,292.28 1 1
github.com/padraicbc/h5p/dom/serialize.go:294.2,294.19 1 1
github.com/padraicbc/h5p/dom/serialize.go:298.38,299.16 1 1
github.com/padraicbc/h5p/dom/serialize.go:299.16,301.3 1 1
github.com/padraicbc/h5p/dom/serialize.go:302.2,303.11 2 1
github.com/padraicbc/h5p/dom/serialize.go:307.35,309.2 1 1
github.com/padraicbc/h5p/dom/xpath.go:54.80,55.21 1 1
github.com/padraicbc/h5p/dom/xpath.go:55.21,57.3 1 0
github.com/padraicbc/h5p/dom/xpath.go:58.2,60.26 3 1
github.com/padraicbc/h5p/dom/xpath.go:60.26,68.17 3 1
github.com/padraicbc/h5p/dom/xpath.go:68.17,70.4 1 1
github.com/padraicbc/h5p/dom/xpath.go:71.3,71.19 1 1
github.com/padraicbc/h5p/dom/xpath.go:72.25,73.40 1 1
github.com/padraicbc/h5p/dom/xpath.go:73.40,75.5 1 1
github.com/padraicbc/h5p/dom/xpath.go:76.11,77.20 1 1
github.com/padraicbc/h5p/dom/xpath.go:77.20,79.5 1 1
github.com/padraicbc/h5p/dom/xpath.go:82.2,82.17 1 1
github.com/padraicbc/h5p/dom/xpath.go:90.36,92.2 1 0
github.com/padraicbc/h5p/dom/xpath.go:97.64,98.17 1 1
github.com/padraicbc/h5p/dom/xpath.go:98.17,100.3 1 0
github.com/padraicbc/h5p/dom/xpath.go:103.2,103.32 1 1
github.com/padraicbc/h5p/dom/xpath.go:103.32,105.3 1 1
github.com/padraicbc/h5p/dom/xpath.go:108.2,108.37 1 1
github.com/padraicbc/h5p/dom/xpath.go:108.37,110.3 1 1
github.com/padraicbc/h5p/dom/xpath.go:112.2,113.16 2 1
github.com/padraicbc/h5p/dom/xpath.go:113.16,115.3 1 1
github.com/padraicbc/h5p/dom/xpath.go:117.2,121.94 2 1
github.com/padraicbc/h5p/dom/xpath.go:121.94,123.64 2 1
github.com/padraicbc/h5p/dom/xpath.go:123.64,126.46 2 1
github.com/padraicbc/h5p/dom/xpath.go:126.46,128.19 2 0
github.com/padraicbc/h5p/dom/xpath.go:128.19,130.6 1 0
github.com/padraicbc/h5p/dom/xpath.go:133.4,133.21 1 1
github.com/padraicbc/h5p/dom/xpath.go:134.9,137.4 1 0
github.com/padraicbc/h5p/dom/xpath.go:141.2,141.29 1 1
github.com/padraicbc/h5p/dom/xpath.go:141.29,144.45 3 1
github.com/padraicbc/h5p/dom/xpath.go:144.45,146.18 2 1
github.com/padraicbc/h5p/dom/xpath.go:146.18,148.5 1 1
github.com/padraicbc/h5p/dom/xpath.go:150.3,150.21 1 1
github.com/padraicbc/h5p/dom/xpath.go:152.2,152.19 1 1
github.com/padraicbc/h5p/dom/xpath.go:155.45,161.37 4 1
github.com/padraicbc/h5p/dom/xpath.go:161.37,164.15 2 1
github.com/padraicbc/h5p/dom/xpath.go:164.15,165.24 1 1
github.com/padraicbc/h5p/dom/xpath.go:165.24,167.5 1 1
github.com/padraicbc/h5p/dom/xpath.go:168.4,168.12 1 1
github.com/padraicbc/h5p/dom/xpath.go:171.3,171.13 1 1
github.com/padraicbc/h5p/dom/xpath.go:172.18,174.19 2 1
github.com/padraicbc/h5p/dom/xpath.go:175.12,176.11 1 1
github.com/padraicbc/h5p/dom/xpath.go:177.12,178.11 1 1
github.com/padraicbc/h5p/dom/xpath.go:179.12,180.18 1 1
github.com/padraicbc/h5p/dom/xpath.go:180.18,182.5 1 1
github.com/padraicbc/h5p/dom/xpath.go:185.2,185.14 1 1
github.com/padraicbc/h5p/dom/xpath.go:188.68,191.21 2 1
github.com/padraicbc/h5p/dom/xpath.go:191.21,193.3 1 0
github.com/padraicbc/h5p/dom/xpath.go:196.2,197.29 2 1
github.com/padraicbc/h5p/dom/xpath.go:197.29,199.17 2 1
github.com/padraicbc/h5p/dom/xpath.go:199.17,201.4 1 0
github.com/padraicbc/h5p/dom/xpath.go:202.3,202.40 1 1
github.com/padraicbc/h5p/dom/xpath.go:206.2,206.45 1 1
github.com/padraicbc/h5p/dom/xpath.go:209.48,216.37 6 1
github.com/padraicbc/h5p/dom/xpath.go:216.37,219.15 2 1
github.com/padraicbc/h5p/dom/xpath.go:219.15,220.24 1 1
github.com/padraicbc/h5p/dom/xpath.go:220.24,222.5 1 1
github.com/padraicbc/h5p/dom/xpath.go:223.4,223.12 1 1
github.com/padraicbc/h5p/dom/xpath.go:226.3,226.13 1 1
github.com/padraicbc/h5p/dom/xpath.go:227.18,229.19 2 1
github.com/padraicbc/h5p/dom/xpath.go:230.12,231.11 1 1
github.com/padraicbc/h5p/dom/xpath.go:232.12,233.11 1 1
github.com/padraicbc/h5p/dom/xpath.go:234.12,235.18 1 1
github.com/padraicbc/h5p/dom/xpath.go:235.18,238.5 2 1
github.com/padraicbc/h5p/dom/xpath.go:243.2,243.27 1 1
github.com/padraicbc/h5p/dom/xpath.go:243.27,245.3 1 1
github.com/padraicbc/h5p/dom/xpath.go:247.2,247.14 1 1
github.com/padraicbc/h5p/dom/xpath.go:250.50,255.37 4 1
github.com/padraicbc/h5p/dom/xpath.go:255.37,258.15 2 1
github.com/padraicbc/h5p/dom/xpath.go:258.15,259.24 1 1
github.com/padraicbc/h5p/dom/xpath.go:259.24,261.5 1 1
github.com/padraicbc/h5p/dom/xpath.go:262.4,262.12 1 1
github.com/padraicbc/h5p/dom/xpath.go:265.3,265.13 1 1
github.com/padraicbc/h5p/dom/xpath.go:266.18,268.19 2 1
github.com/padraicbc/h5p/dom/xpath.go:269.12,270.11 1 1
github.com/padraicbc/h5p/dom/xpath.go:271.12,272.11 1 1
github.com/padraicbc/h5p/dom/xpath.go:273.12,274.18 1 1
github.com/padraicbc/h5p/dom/xpath.go:274.18,276.5 1 1
github.com/padraicbc/h5p/dom/xpath.go:279.2,279.14 1 1
github.com/padraicbc/h5p/dom/xpath.go:282.77,284.21 2 1
github.com/padraicbc/h5p/dom/xpath.go:284.21,286.3 1 0
github.com/padraicbc/h5p/dom/xpath.go:288.2,293.16 4 1
github.com/padraicbc/h5p/dom/xpath.go:293.16,295.3 1 0
github.com/padraicbc/h5p/dom/xpath.go:298.2,299.26 2 1
github.com/padraicbc/h5p/dom/xpath.go:299.26,300.21 1 1
github.com/padraicbc/h5p/dom/xpath.go:300.21,301.23 1 1
github.com/padraicbc/h5p/dom/xpath.go:301.23,302.25 1 1
github.com/padraicbc/h5p/dom/xpath.go:302.25,304.6 1 1
github.com/padraicbc/h5p/dom/xpath.go:305.10,306.39 1 1
github.com/padraicbc/h5p/dom/xpath.go:306.39,308.6 1 1
github.com/padraicbc/h5p/dom/xpath.go:313.2,313.20 1 1
github.com/padraicbc/h5p/dom/xpath.go:316.53,322.37 5 1
github.com/padraicbc/h5p/dom/xpath.go:322.37,325.15 2 1
github.com/padraicbc/h5p/dom/xpath.go:325.15,326.24 1 1
github.com/padraicbc/h5p/dom/xpath.go:326.24,328.5 1 1
github.com/padraicbc/h5p/dom/xpath.go:329.4,329.12 1 1
github.com/padraicbc/h5p/dom/xpath.go:332.3,332.13 1 1
github.com/padraicbc/h5p/dom/xpath.go:333.18,335.19 2 1
github.com/padraicbc/h5p/dom/xpath.go:336.12,337.11 1 1
github.com/padraicbc/h5p/dom/xpath.go:338.12,339.11 1 1
github.com/padraicbc/h5p/dom/xpath.go:340.12,341.18 1 1
github.com/padraicbc/h5p/dom/xpath.go:341.18,343.5 1 1
github.com/padraicbc/h5p/dom/xpath.go:347.2,347.18 1 1
github.com/padraicbc/h5p/dom/xpath.go:347.18,349.3 1 0
github.com/padraicbc/h5p/dom/xpath.go:351.2,351.57 1 1
github.com/padraicbc/h5p/dom/xpath.go:356.67,358.16 2 1
github.com/padraicbc/h5p/dom/xpath.go:358.16,360.3 1 1
github.com/padraicbc/h5p/dom/xpath.go:361.2,361.23 1 1
github.com/padraicbc/h5p/dom/xpath.go:361.23,363.3 1 1
github.com/padraicbc/h5p/dom/xpath.go:364.2,364.24 1 1
github.com/padraicbc/h5p/dom/xpath.go:367.55,368.39 1 1
github.com/padraicbc/h5p/dom/xpath.go:368.39,370.3 1 1
github.com/padraicbc/h5p/dom/xpath.go:372.2,375.9 4 1
github.com/padraicbc/h5p/dom/xpath.go:376.41,378.8 2 1
github.com/padraicbc/h5p/dom/xpath.go:379.40,381.8 2 1
github.com/padraicbc/h5p/dom/xpath.go:384.2,384.24 1 1
github.com/padraicbc/h5p/dom/xpath.go:384.24,386.17 2 1
github.com/padraicbc/h5p/dom/xpath.go:386.17,388.4 1 1
github.com/padraicbc/h5p/dom/xpath.go:389.3,391.25 3 1
github.com/padraicbc/h5p/dom/xpath.go:391.25,392.9 1 1
github.com/padraicbc/h5p/dom/xpath.go:394.3,394.44 1 1
github.com/padraicbc/h5p/dom/xpath.go:394.44,397.4 2 1
github.com/padraicbc/h5p/dom/xpath.go:397.9,397.32 1 1
github.com/padraicbc/h5p/dom/xpath.go:397.32,400.4 2 1
github.com/padraicbc/h5p/dom/xpath.go:400.9,402.4 1 0
github.com/padraicbc/h5p/dom/xpath.go:405.2,405.19 1 1
github.com/padraicbc/h5p/dom/xpath.go:408.96,414.74 4 1
github.com/padraicbc/h5p/dom/xpath.go:414.74,417.10 3 1
github.com/padraicbc/h5p/dom/xpath.go:417.10,419.4 1 1
github.com/padraicbc/h5p/dom/xpath.go:420.3,420.14 1 1
github.com/padraicbc/h5p/dom/xpath.go:423.2,424.16 2 1
github.com/padraicbc/h5p/dom/xpath.go:424.16,426.3 1 1
github.com/padraicbc/h5p/dom/xpath.go:428.2,435.46 2 1
github.com/padraicbc/h5p/dom/xpath.go:435.46,437.17 2 1
github.com/padraicbc/h5p/dom/xpath.go:437.17,439.4 1 1
github.com/padraicbc/h5p/dom/xpath.go:440.3,441.17 2 1
github.com/padraicbc/h5p/dom/xpath.go:441.17,443.4 1 0
github.com/padraicbc/h5p/dom/xpath.go:444.3,445.11 2 1
github.com/padraicbc/h5p/dom/xpath.go:448.2,448.21 1 1
github.com/padraicbc/h5p/dom/xpath.go:451.67,453.20 2 1
github.com/padraicbc/h5p/dom/xpath.go:453.20,455.3 1 1
github.com/padraicbc/h5p/dom/xpath.go:458.2,459.44 2 1
github.com/padraicbc/h5p/dom/xpath.go:459.44,461.3 1 1
github.com/padraicbc/h5p/dom/xpath.go:463.2,464.20 2 1
github.com/padraicbc/h5p/dom/xpath.go:464.20,466.3 1 0
github.com/padraicbc/h5p/dom/xpath.go:468.2,468.45 1 1
github.com/padraicbc/h5p/dom/xpath.go:471.51,472.31 1 1
github.com/padraicbc/h5p/dom/xpath.go:473.15,474.30 1 1
github.com/padraicbc/h5p/dom/xpath.go:475.20,476.35 1 1
github.com/padraicbc/h5p/dom/xpath.go:477.16,478.31 1 1
github.com/padraicbc/h5p/dom/xpath.go:479.18,480.33 1 1
github.com/padraicbc/h5p/dom/xpath.go:481.27,482.41 1 1
github.com/padraicbc/h5p/dom/xpath.go:483.27,484.41 1 1
github.com/padraicbc/h5p/dom/xpath.go:485.19,486.34 1 0
github.com/padraicbc/h5p/dom/xpath.go:487.19,488.34 1 0
github.com/padraicbc/h5p/dom/xpath.go:489.19,490.34 1 1
github.com/padraicbc/h5p/dom/xpath.go:491.14,492.29 1 1
github.com/padraicbc/h5p/dom/xpath.go:493.28,494.41 1 1
github.com/padraicbc/h5p/dom/xpath.go:495.26,496.39 1 1
github.com/padraicbc/h5p/dom/xpath.go:497.10,498.18 1 1
github.com/padraicbc/h5p/dom/xpath.go:502.84,503.28 1 1
github.com/padraicbc/h5p/dom/xpath.go:503.28,505.3 1 1
github.com/padraicbc/h5p/dom/xpath.go:508.2,508.28 1 1
github.com/padraicbc/h5p/dom/xpath.go:508.28,509.58 1 1
github.com/padraicbc/h5p/dom/xpath.go:509.58,511.4 1 1
github.com/padraicbc/h5p/dom/xpath.go:512.3,512.48 1 1
github.com/padraicbc/h5p/dom/xpath.go:516.2,516.28 1 1
github.com/padraicbc/h5p/dom/xpath.go:516.28,518.3 1 1
github.com/padraicbc/h5p/dom/xpath.go:521.2,522.26 2 1
github.com/padraicbc/h5p/dom/xpath.go:522.26,524.29 2 1
github.com/padraicbc/h5p/dom/xpath.go:524.29,525.9 1 1
github.com/padraicbc/h5p/dom/xpath.go:527.3,527.8 1 1
github.com/padraicbc/h5p/dom/xpath.go:530.2,531.16 2 1
github.com/padraicbc/h5p/dom/xpath.go:531.16,533.3 1 1
github.com/padraicbc/h5p/dom/xpath.go:536.2,536.35 1 1
github.com/padraicbc/h5p/dom/xpath.go:536.35,538.36 2 1
github.com/padraicbc/h5p/dom/xpath.go:539.15,540.48 1 1
github.com/padraicbc/h5p/dom/xpath.go:541.15,542.48 1 1
github.com/padraicbc/h5p/dom/xpath.go:543.18,544.54 1 0
github.com/padraicbc/h5p/dom/xpath.go:545.33,546.83 1 0
github.com/padraicbc/h5p/dom/xpath.go:550.2,550.42 1 1
github.com/padraicbc/h5p/dom/xpath.go:553.72,557.41 3 1
github.com/padraicbc/h5p/dom/xpath.go:557.41,559.13 2 1
github.com/padraicbc/h5p/dom/xpath.go:560.18,561.17 1 1
github.com/padraicbc/h5p/dom/xpath.go:562.11,563.15 1 1
github.com/padraicbc/h5p/dom/xpath.go:564.12,565.14 1 1
github.com/padraicbc/h5p/dom/xpath.go:567.12,568.18 1 1
github.com/padraicbc/h5p/dom/xpath.go:568.18,570.5 1 1
github.com/padraicbc/h5p/dom/xpath.go:571.12,572.18 1 1
github.com/padraicbc/h5p/dom/xpath.go:572.18,574.19 2 1
github.com/padraicbc/h5p/dom/xpath.go:574.19,576.6 1 1
github.com/padraicbc/h5p/dom/xpath.go:581.2,581.54 1 1
github.com/padraicbc/h5p/dom/xpath.go:584.66,587.16 3 1
github.com/padraicbc/h5p/dom/xpath.go:587.16,589.3 1 1
github.com/padraicbc/h5p/dom/xpath.go:590.2,590.40 1 1
github.com/padraicbc/h5p/dom/xpath.go:590.40,592.3 1 1
github.com/padraicbc/h5p/dom/xpath.go:593.2,593.44 1 1
github.com/padraicbc/h5p/dom/xpath.go:596.97,598.35 1 1
github.com/padraicbc/h5p/dom/xpath.go:598.35,599.18 1 1
github.com/padraicbc/h5p/dom/xpath.go:599.18,601.4 1 1
github.com/padraicbc/h5p/dom/xpath.go:602.3,602.19 1 1
github.com/padraicbc/h5p/dom/xpath.go:602.19,604.28 2 1
github.com/padraicbc/h5p/dom/xpath.go:604.28,605.36 1 1
github.com/padraicbc/h5p/dom/xpath.go:605.36,607.6 1 1
github.com/padraicbc/h5p/dom/xpath.go:609.4,609.14 1 1
github.com/padraicbc/h5p/dom/xpath.go:613.2,614.26 2 1
github.com/padraicbc/h5p/dom/xpath.go:614.26,615.15 1 1
github.com/padraicbc/h5p/dom/xpath.go:615.15,616.12 1 1
github.com/padraicbc/h5p/dom/xpath.go:618.3,618.15 1 1
github.com/padraicbc/h5p/dom/xpath.go:619.23,620.80 1 1
github.com/padraicbc/h5p/dom/xpath.go:621.28,622.54 1 1
github.com/padraicbc/h5p/dom/xpath.go:623.34,624.42 1 1
github.com/padraicbc/h5p/dom/xpath.go:624.42,626.5 1 1
github.com/padraicbc/h5p/dom/xpath.go:627.4,627.54 1 1
github.com/padraicbc/h5p/dom/xpath.go:628.24,629.68 1 1
github.com/padraicbc/h5p/dom/xpath.go:629.68,631.5 1 1
github.com/padraicbc/h5p/dom/xpath.go:632.26,633.52 1 1
github.com/padraicbc/h5p/dom/xpath.go:634.32,635.42 1 1
github.com/padraicbc/h5p/dom/xpath.go:635.42,637.5 1 1
github.com/padraicbc/h5p/dom/xpath.go:638.4,638.52 1 1
github.com/padraicbc/h5p/dom/xpath.go:639.34,640.87 1 1
github.com/padraicbc/h5p/dom/xpath.go:641.34,642.87 1 1
github.com/padraicbc/h5p/dom/xpath.go:643.27,644.45 1 0
github.com/padraicbc/h5p/dom/xpath.go:645.27,646.45 1 0
github.com/padraicbc/h5p/dom/xpath.go:647.27,650.19 1 1
github.com/padraicbc/h5p/dom/xpath.go:650.19,652.25 1 0
github.com/padraicbc/h5p/dom/xpath.go:652.25,654.6 1 0
github.com/padraicbc/h5p/dom/xpath.go:655.10,657.23 1 1
github.com/padraicbc/h5p/dom/xpath.go:657.23,658.36 1 1
github.com/padraicbc/h5p/dom/xpath.go:658.36,659.44 1 1
github.com/padraicbc/h5p/dom/xpath.go:659.44,661.13 2 1
github.com/padraicbc/h5p/dom/xpath.go:666.22,667.42 1 1
github.com/padraicbc/h5p/dom/xpath.go:667.42,669.5 1 1
github.com/padraicbc/h5p/dom/xpath.go:672.2,672.12 1 1
github.com/padraicbc/h5p/dom/xpath.go:675.87,677.26 2 1
github.com/padraicbc/h5p/dom/xpath.go:677.26,678.41 1 1
github.com/padraicbc/h5p/dom/xpath.go:678.41,680.4 1 1
github.com/padraicbc/h5p/dom/xpath.go:682.2,682.12 1 1
github.com/padraicbc/h5p/dom/xpath.go:685.73,686.14 1 1
github.com/padraicbc/h5p/dom/xpath.go:686.14,688.3 1 0
github.com/padraicbc/h5p/dom/xpath.go:690.2,690.18 1 1
github.com/padraicbc/h5p/dom/xpath.go:691.25,692.27 1 1
github.com/padraicbc/h5p/dom/xpath.go:693.28,694.30 1 0
github.com/padraicbc/h5p/dom/xpath.go:695.42,696.40 1 0
github.com/padraicbc/h5p/dom/xpath.go:697.25,698.14 1 1
github.com/padraicbc/h5p/dom/xpath.go:699.25,700.53 1 1
github.com/padraicbc/h5p/dom/xpath.go:700.53,702.4 1 1
github.com/padraicbc/h5p/dom/xpath.go:703.3,703.18 1 1
github.com/padraicbc/h5p/dom/xpath.go:703.18,705.4 1 1
github.com/padraicbc/h5p/dom/xpath.go:706.3,706.41 1 1
github.com/padraicbc/h5p/dom/xpath.go:708.2,708.14 1 0
github.com/padraicbc/h5p/dom/xpath.go:711.37,712.23 1 1
github.com/padraicbc/h5p/dom/xpath.go:712.23,714.3 1 1
github.com/padraicbc/h5p/dom/xpath.go:715.2,715.19 1 1
github.com/padraicbc/h5p/dom/xpath.go:718.103,719.14 1 1
github.com/padraicbc/h5p/dom/xpath.go:719.14,721.3 1 1
github.com/padraicbc/h5p/dom/xpath.go:722.2,722.55 1 1
github.com/padraicbc/h5p/dom/xpath.go:722.55,724.3 1 0
github.com/padraicbc/h5p/dom/xpath.go:725.2,725.41 1 1
github.com/padraicbc/h5p/dom/xpath.go:725.41,726.45 1 1
github.com/padraicbc/h5p/dom/xpath.go:726.45,728.4 1 1
github.com/padraicbc/h5p/dom/xpath.go:729.3,729.56 1 1
github.com/padraicbc/h5p/dom/xpath.go:733.101,734.14 1 1
github.com/padraicbc/h5p/dom/xpath.go:734.14,736.3 1 0
github.com/padraicbc/h5p/dom/xpath.go:737.2,738.17 2 1
github.com/padraicbc/h5p/dom/xpath.go:738.17,740.3 1 0
github.com/padraicbc/h5p/dom/xpath.go:741.2,741.21 1 1
github.com/padraicbc/h5p/dom/xpath.go:741.21,742.47 1 1
github.com/padraicbc/h5p/dom/xpath.go:742.47,744.4 1 1
github.com/padraicbc/h5p/dom/xpath.go:745.3,745.27 1 1
github.com/padraicbc/h5p/dom/xpath.go:749.44,750.33 1 1
github.com/padraicbc/h5p/dom/xpath.go:750.33,752.3 1 0
github.com/padraicbc/h5p/dom/xpath.go:753.2,755.31 3 1
github.com/padraicbc/h5p/dom/xpath.go:755.31,756.15 1 1
github.com/padraicbc/h5p/dom/xpath.go:756.15,758.9 2 1
github.com/padraicbc/h5p/dom/xpath.go:761.2,761.45 1 1
github.com/padraicbc/h5p/dom/xpath.go:761.45,763.3 1 0
github.com/padraicbc/h5p/dom/xpath.go:764.2,764.27 1 1
github.com/padraicbc/h5p/dom/xpath.go:767.44,768.33 1 1
github.com/padraicbc/h5p/dom/xpath.go:768.33,770.3 1 0
github.com/padraicbc/h5p/dom/xpath.go:771.2,773.31 3 1
github.com/padraicbc/h5p/dom/xpath.go:773.31,774.15 1 1
github.com/padraicbc/h5p/dom/xpath.go:774.15,776.9 2 1
github.com/padraicbc/h5p/dom/xpath.go:779.2,779.16 1 1
github.com/padraicbc/h5p/dom/xpath.go:779.16,781.3 1 0
github.com/padraicbc/h5p/dom/xpath.go:783.2,784.29 2 1
github.com/padraicbc/h5p/dom/xpath.go:784.29,786.3 1 1
github.com/padraicbc/h5p/dom/xpath.go:787.2,787.15 1 1
github.com/padraicbc/h5p/dom/xpath.go:790.83,791.14 1 0
github.com/padraicbc/h5p/dom/xpath.go:791.14,793.3 1 0
github.com/padraicbc/h5p/dom/xpath.go:796.2,796.46 1 0
github.com/padraicbc/h5p/dom/xpath.go:796.46,797.43 1 0
github.com/padraicbc/h5p/dom/xpath.go:797.43,799.4 1 0
github.com/padraicbc/h5p/dom/xpath.go:800.3,800.54 1 0
github.com/padraicbc/h5p/dom/xpath.go:804.2,804.21 1 0
github.com/padraicbc/h5p/dom/xpath.go:804.21,806.3 1 0
github.com/padraicbc/h5p/dom/xpath.go:809.83,810.14 1 0
github.com/padraicbc/h5p/dom/xpath.go:810.14,812.3 1 0
github.com/padraicbc/h5p/dom/xpath.go:815.2,815.21 1 0
github.com/padraicbc/h5p/dom/xpath.go:815.21,817.3 1 0
github.com/padraicbc/h5p/dom/xpath.go:820.2,820.46 1 0
github.com/padraicbc/h5p/dom/xpath.go:820.46,822.3 1 0
github.com/padraicbc/h5p/dom/xpath.go:825.50,826.14 1 1
github.com/padraicbc/h5p/dom/xpath.go:826.14,828.3 1 0
github.com/padraicbc/h5p/dom/xpath.go:829.2,829.22 1 1
github.com/padraicbc/h5p/dom/xpath.go:829.22,831.3 1 0
github.com/padraicbc/h5p/dom/xpath.go:832.2,832.52 1 1
github.com/padraicbc/h5p/dom/xpath.go:832.52,834.3 1 0
github.com/padraicbc/h5p/dom/xpath.go:835.2,835.17 1 1
github.com/padraicbc/h5p/dom/xpath.go:835.17,837.3 1 0
github.com/padraicbc/h5p/dom/xpath.go:838.2,838.40 1 1
github.com/padraicbc/h5p/dom/xpath.go:841.57,843.21 2 1
github.com/padraicbc/h5p/dom/xpath.go:843.21,845.3 1 1
github.com/padraicbc/h5p/dom/xpath.go:846.2,848.30 3 1
github.com/padraicbc/h5p/dom/xpath.go:848.30,850.3 1 1
github.com/padraicbc/h5p/dom/xpath.go:851.2,851.25 1 1
github.com/padraicbc/h5p/dom/xpath.go:854.65,855.39 1 1
github.com/padraicbc/h5p/dom/xpath.go:855.39,857.3 1 1
github.com/padraicbc/h5p/dom/xpath.go:858.2,860.31 3 1
github.com/padraicbc/h5p/dom/xpath.go:860.31,861.18 1 1
github.com/padraicbc/h5p/dom/xpath.go:861.18,863.9 2 1
github.com/padraicbc/h5p/dom/xpath.go:866.2,866.16 1 1
github.com/padraicbc/h5p/dom/xpath.go:866.16,868.3 1 1
github.com/padraicbc/h5p/dom/xpath.go:869.2,870.34 2 1
github.com/padraicbc/h5p/dom/xpath.go:870.34,871.42 1 1
github.com/padraicbc/h5p/dom/xpath.go:871.42,873.4 1 1
github.com/padraicbc/h5p/dom/xpath.go:875.2,875.12 1 1
github.com/padraicbc/h5p/dom/xpath.go:878.65,879.39 1 1
github.com/padraicbc/h5p/dom/xpath.go:879.39,881.3 1 1
github.com/padraicbc/h5p/dom/xpath.go:882.2,884.31 3 1
github.com/padraicbc/h5p/dom/xpath.go:884.31,885.18 1 1
github.com/padraicbc/h5p/dom/xpath.go:885.18,887.9 2 1
github.com/padraicbc/h5p/dom/xpath.go:890.2,890.45 1 1
github.com/padraicbc/h5p/dom/xpath.go:890.45,892.3 1 1
github.com/padraicbc/h5p/dom/xpath.go:893.2,894.45 2 1
github.com/padraicbc/h5p/dom/xpath.go:894.45,895.42 1 1
github.com/padraicbc/h5p/dom/xpath.go:895.42,897.4 1 1
github.com/padraicbc/h5p/dom/xpath.go:899.2,899.12 1 1
github.com/padraicbc/h5p/dom/xpath.go:903.51,904.21 1 1
github.com/padraicbc/h5p/dom/xpath.go:904.21,906.3 1 1
github.com/padraicbc/h5p/dom/xpath.go:908.2,910.26 3 1
github.com/padraicbc/h5p/dom/xpath.go:910.26,911.27 1 1
github.com/padraicbc/h5p/dom/xpath.go:911.27,914.4 2 1
github.com/padraicbc/h5p/dom/xpath.go:917.2,917.15 1 1
github.com/padraicbc/h5p/dom/xpath.go:959.41,961.41 2 1
github.com/padraicbc/h5p/dom/xpath.go:961.41,963.3 1 1
github.com/padraicbc/h5p/dom/xpath.go:964.2,964.42 1 1
github.com/padraicbc/h5p/dom/xpath.go:967.49,969.2 1 1
github.com/padraicbc/h5p/dom/xpath.go:971.42,972.16 1 1
github.com/padraicbc/h5p/dom/xpath.go:973.26,974.21 1 1
github.com/padraicbc/h5p/dom/xpath.go:975.21,976.20 1 1
github.com/padraicbc/h5p/dom/xpath.go:976.20,978.4 1 1
github.com/padraicbc/h5p/dom/xpath.go:979.3,979.12 1 1
github.com/padraicbc/h5p/dom/xpath.go:980.10,981.20 1 1
github.com/padraicbc/h5p/dom/xpath.go:981.20,983.4 1 1
github.com/padraicbc/h5p/dom/xpath.go:984.3,984.12 1 0
github.com/padraicbc/h5p/dom/xpath.go:988.35,989.16 1 1
github.com/padraicbc/h5p/dom/xpath.go:990.25,991.13 1 1
github.com/padraicbc/h5p/dom/xpath.go:992.24,993.42 1 1
github.com/padraicbc/h5p/dom/xpath.go:994.24,995.21 1 1
github.com/padraicbc/h5p/dom/xpath.go:996.25,997.26 1 1
github.com/padraicbc/h5p/dom/xpath.go:998.10,999.15 1 0
github.com/padraicbc/h5p/dom/xpath.go:1003.40,1004.16 1 1
github.com/padraicbc/h5p/dom/xpath.go:1005.24,1006.15 1 1
github.com/padraicbc/h5p/dom/xpath.go:1007.25,1008.10 1 1
github.com/padraicbc/h5p/dom/xpath.go:1008.10,1010.4 1 1
github.com/padraicbc/h5p/dom/xpath.go:1011.3,1011.11 1 0
github.com/padraicbc/h5p/dom/xpath.go:1012.24,1013.18 1 1
github.com/padraicbc/h5p/dom/xpath.go:1013.18,1015.4 1 1
github.com/padraicbc/h5p/dom/xpath.go:1016.3,1017.17 2 1
github.com/padraicbc/h5p/dom/xpath.go:1017.17,1019.4 1 1
github.com/padraicbc/h5p/dom/xpath.go:1020.3,1020.11 1 1
github.com/padraicbc/h5p/dom/xpath.go:1021.25,1022.74 1 1
github.com/padraicbc/h5p/dom/xpath.go:1023.10,1024.20 1 0
github.com/padraicbc/h5p/dom/xpath.go:1028.39,1029.16 1 1
github.com/padraicbc/h5p/dom/xpath.go:1030.24,1031.15 1 1
github.com/padraicbc/h5p/dom/xpath.go:1032.25,1033.10 1 1
github.com/padraicbc/h5p/dom/xpath.go:1033.10,1035.4 1 1
github.com/padraicbc/h5p/dom/xpath.go:1036.3,1036.17 1 0
github.com/padraicbc/h5p/dom/xpath.go:1037.24,1038.24 1 1
github.com/padraicbc/h5p/dom/xpath.go:1038.24,1040.4 1 1
github.com/padraicbc/h5p/dom/xpath.go:1041.3,1041.27 1 1
github.com/padraicbc/h5p/dom/xpath.go:1041.27,1043.4 1 1
github.com/padraicbc/h5p/dom/xpath.go:1044.3,1044.28 1 1
github.com/padraicbc/h5p/dom/xpath.go:1044.28,1046.4 1 1
github.com/padraicbc/h5p/dom/xpath.go:1047.3,1047.49 1 1
github.com/padraicbc/h5p/dom/xpath.go:1048.25,1049.24 1 1
github.com/padraicbc/h5p/dom/xpath.go:1049.24,1051.4 1 1
github.com/padraicbc/h5p/dom/xpath.go:1052.3,1052.37 1 1
github.com/padraicbc/h5p/dom/xpath.go:1053.10,1054.12 1 0
github.com/padraicbc/h5p/dom/xpath.go:1066.70,1068.2 1 1
github.com/padraicbc/h5p/dom/xpath.go:1075.68,1077.16 2 1
github.com/padraicbc/h5p/dom/xpath.go:1077.16,1079.3 1 0
github.com/padraicbc/h5p/dom/xpath.go:1080.2,1081.17 2 1
github.com/padraicbc/h5p/dom/xpath.go:1081.17,1083.3 1 1
github.com/padraicbc/h5p/dom/xpath.go:1084.2,1084.58 1 1
github.com/padraicbc/h5p/dom/xpath.go:1093.69,1095.16 2 1
github.com/padraicbc/h5p/dom/xpath.go:1095.16,1097.3 1 0
github.com/padraicbc/h5p/dom/xpath.go:1098.2,1099.16 2 1
github.com/padraicbc/h5p/dom/xpath.go:1099.16,1101.3 1 0
github.com/padraicbc/h5p/dom/xpath.go:1103.2,1103.14 1 1
github.com/padraicbc/h5p/dom/xpath.go:1104.12,1105.86 1 1
github.com/padraicbc/h5p/dom/xpath.go:1106.13,1107.86 1 1
github.com/padraicbc/h5p/dom/xpath.go:1108.39,1109.52 1 1
github.com/padraicbc/h5p/dom/xpath.go:1110.35,1114.15 4 1
github.com/padraicbc/h5p/dom/xpath.go:1115.12,1116.20 1 1
github.com/padraicbc/h5p/dom/xpath.go:1117.12,1118.20 1 0
github.com/padraicbc/h5p/dom/xpath.go:1119.12,1120.20 1 1
github.com/padraicbc/h5p/dom/xpath.go:1121.14,1122.20 1 0
github.com/padraicbc/h5p/dom/xpath.go:1123.14,1124.29 1 1
github.com/padraicbc/h5p/dom/xpath.go:1126.3,1126.62 1 1
github.com/padraicbc/h5p/dom/xpath.go:1127.11,1129.72 1 0
github.com/padraicbc/h5p/dom/xpath.go:1129.72,1131.4 1 0
github.com/padraicbc/h5p/dom/xpath.go:1132.3,1133.67 2 0
github.com/padraicbc/h5p/dom/xpath.go:1134.10,1135.73 1 1
github.com/padraicbc/h5p/dom/xpath.go:1144.71,1146.14 2 1
github.com/padraicbc/h5p/dom/xpath.go:1147.14,1148.73 1 1
github.com/padraicbc/h5p/dom/xpath.go:1149.18,1150.77 1 1
github.com/padraicbc/h5p/dom/xpath.go:1151.15,1152.23 1 1
github.com/padraicbc/h5p/dom/xpath.go:1152.23,1154.4 1 1
github.com/padraicbc/h5p/dom/xpath.go:1155.3,1156.17 2 1
github.com/padraicbc/h5p/dom/xpath.go:1156.17,1158.4 1 0
github.com/padraicbc/h5p/dom/xpath.go:1159.3,1159.36 1 1
github.com/padraicbc/h5p/dom/xpath.go:1159.36,1161.4 1 1
github.com/padraicbc/h5p/dom/xpath.go:1162.3,1162.79 1 1
github.com/padraicbc/h5p/dom/xpath.go:1163.12,1164.23 1 1
github.com/padraicbc/h5p/dom/xpath.go:1164.23,1166.4 1 1
github.com/padraicbc/h5p/dom/xpath.go:1167.3,1168.17 2 1
github.com/padraicbc/h5p/dom/xpath.go:1168.17,1170.4 1 0
github.com/padraicbc/h5p/dom/xpath.go:1171.3,1172.82 2 1
github.com/padraicbc/h5p/dom/xpath.go:1173.20,1174.99 1 1
github.com/padraicbc/h5p/dom/xpath.go:1175.23,1177.18 2 1
github.com/padraicbc/h5p/dom/xpath.go:1177.18,1179.4 1 0
github.com/padraicbc/h5p/dom/xpath.go:1180.3,1180.70 1 1
github.com/padraicbc/h5p/dom/xpath.go:1181.14,1183.18 2 1
github.com/padraicbc/h5p/dom/xpath.go:1183.18,1185.4 1 0
github.com/padraicbc/h5p/dom/xpath.go:1186.3,1186.65 1 1
github.com/padraicbc/h5p/dom/xpath.go:1187.16,1188.23 1 1
github.com/padraicbc/h5p/dom/xpath.go:1188.23,1190.4 1 1
github.com/padraicbc/h5p/dom/xpath.go:1191.3,1192.17 2 1
github.com/padraicbc/h5p/dom/xpath.go:1192.17,1194.4 1 0
github.com/padraicbc/h5p/dom/xpath.go:1195.3,1195.70 1 1
github.com/padraicbc/h5p/dom/xpath.go:1196.16,1198.30 2 1
github.com/padraicbc/h5p/dom/xpath.go:1198.30,1200.18 2 1
github.com/padraicbc/h5p/dom/xpath.go:1200.18,1202.5 1 0
github.com/padraicbc/h5p/dom/xpath.go:1203.4,1203.33 1 1
github.com/padraicbc/h5p/dom/xpath.go:1205.3,1205.66 1 1
github.com/padraicbc/h5p/dom/xpath.go:1206.21,1207.23 1 1
github.com/padraicbc/h5p/dom/xpath.go:1207.23,1209.4 1 1
github.com/padraicbc/h5p/dom/xpath.go:1210.3,1211.17 2 1
github.com/padraicbc/h5p/dom/xpath.go:1211.17,1213.4 1 0
github.com/padraicbc/h5p/dom/xpath.go:1214.3,1215.17 2 1
github.com/padraicbc/h5p/dom/xpath.go:1215.17,1217.4 1 0
github.com/padraicbc/h5p/dom/xpath.go:1218.3,1218.87 1 1
github.com/padraicbc/h5p/dom/xpath.go:1219.18,1220.23 1 1
github.com/padraicbc/h5p/dom/xpath.go:1220.23,1222.4 1 1
github.com/padraicbc/h5p/dom/xpath.go:1223.3,1224.17 2 1
github.com/padraicbc/h5p/dom/xpath.go:1224.17,1226.4 1 1
github.com/padraicbc/h5p/dom/xpath.go:1227.3,1228.17 2 1
github.com/padraicbc/h5p/dom/xpath.go:1228.17,1230.4 1 0
github.com/padraicbc/h5p/dom/xpath.go:1231.3,1231.86 1 1
github.com/padraicbc/h5p/dom/xpath.go:1232.26,1233.23 1 1
github.com/padraicbc/h5p/dom/xpath.go:1233.23,1235.4 1 1
github.com/padraicbc/h5p/dom/xpath.go:1236.3,1237.17 2 1
github.com/padraicbc/h5p/dom/xpath.go:1237.17,1239.4 1 0
github.com/padraicbc/h5p/dom/xpath.go:1240.3,1241.17 2 1
github.com/padraicbc/h5p/dom/xpath.go:1241.17,1243.4 1 0
github.com/padraicbc/h5p/dom/xpath.go:1244.3,1244.19 1 1
github.com/padraicbc/h5p/dom/xpath.go:1244.19,1246.4 1 1
github.com/padraicbc/h5p/dom/xpath.go:1247.3,1248.16 2 1
github.com/padraicbc/h5p/dom/xpath.go:1248.16,1250.4 1 0
github.com/padraicbc/h5p/dom/xpath.go:1251.3,1251.67 1 1
github.com/padraicbc/h5p/dom/xpath.go:1252.25,1253.23 1 1
github.com/padraicbc/h5p/dom/xpath.go:1253.23,1255.4 1 1
github.com/padraicbc/h5p/dom/xpath.go:1256.3,1257.17 2 1
github.com/padraicbc/h5p/dom/xpath.go:1257.17,1259.4 1 0
github.com/padraicbc/h5p/dom/xpath.go:1260.3,1261.17 2 1
github.com/padraicbc/h5p/dom/xpath.go:1261.17,1263.4 1 0
github.com/padraicbc/h5p/dom/xpath.go:1264.3,1264.19 1 1
github.com/padraicbc/h5p/dom/xpath.go:1264.19,1266.4 1 1
github.com/padraicbc/h5p/dom/xpath.go:1267.3,1268.16 2 1
github.com/padraicbc/h5p/dom/xpath.go:1268.16,1270.4 1 0
github.com/padraicbc/h5p/dom/xpath.go:1271.3,1271.79 1 1
github.com/padraicbc/h5p/dom/xpath.go:1272.19,1273.36 1 1
github.com/padraicbc/h5p/dom/xpath.go:1274.23,1276.17 2 1
github.com/padraicbc/h5p/dom/xpath.go:1276.17,1278.4 1 0
github.com/padraicbc/h5p/dom/xpath.go:1279.3,1279.81 1 1
github.com/padraicbc/h5p/dom/xpath.go:1280.25,1282.17 2 1
github.com/padraicbc/h5p/dom/xpath.go:1282.17,1284.4 1 0
github.com/padraicbc/h5p/dom/xpath.go:1285.3,1285.75 1 1
github.com/padraicbc/h5p/dom/xpath.go:1286.19,1287.23 1 1
github.com/padraicbc/h5p/dom/xpath.go:1287.23,1289.4 1 1
github.com/padraicbc/h5p/dom/xpath.go:1290.3,1291.17 2 1
github.com/padraicbc/h5p/dom/xpath.go:1291.17,1293.4 1 0
github.com/padraicbc/h5p/dom/xpath.go:1294.3,1295.17 2 1
github.com/padraicbc/h5p/dom/xpath.go:1295.17,1297.4 1 0
github.com/padraicbc/h5p/dom/xpath.go:1298.3,1299.17 2 1
github.com/padraicbc/h5p/dom/xpath.go:1299.17,1301.4 1 0
github.com/padraicbc/h5p/dom/xpath.go:1302.3,1302.88 1 1
github.com/padraicbc/h5p/dom/xpath.go:1303.17,1304.23 1 1
github.com/padraicbc/h5p/dom/xpath.go:1304.23,1306.4 1 1
github.com/padraicbc/h5p/dom/xpath.go:1307.3,1308.17 2 1
github.com/padraicbc/h5p/dom/xpath.go:1308.17,1310.4 1 0
github.com/padraicbc/h5p/dom/xpath.go:1311.3,1311.67 1 1
github.com/padraicbc/h5p/dom/xpath.go:1312.13,1313.23 1 1
github.com/padraicbc/h5p/dom/xpath.go:1313.23,1315.4 1 1
github.com/padraicbc/h5p/dom/xpath.go:1316.3,1317.17 2 1
github.com/padraicbc/h5p/dom/xpath.go:1317.17,1319.4 1 0
github.com/padraicbc/h5p/dom/xpath.go:1320.3,1320.68 1 1
github.com/padraicbc/h5p/dom/xpath.go:1321.14,1322.59 1 1
github.com/padraicbc/h5p/dom/xpath.go:1323.15,1324.60 1 1
github.com/padraicbc/h5p/dom/xpath.go:1325.14,1326.23 1 1
github.com/padraicbc/h5p/dom/xpath.go:1326.23,1328.4 1 1
github.com/padraicbc/h5p/dom/xpath.go:1329.3,1330.17 2 1
github.com/padraicbc/h5p/dom/xpath.go:1330.17,1332.4 1 0
github.com/padraicbc/h5p/dom/xpath.go:1333.3,1333.79 1 1
github.com/padraicbc/h5p/dom/xpath.go:1334.16,1335.23 1 1
github.com/padraicbc/h5p/dom/xpath.go:1335.23,1337.4 1 1
github.com/padraicbc/h5p/dom/xpath.go:1338.3,1338.23 1 1
github.com/padraicbc/h5p/dom/xpath.go:1338.23,1340.4 1 1
github.com/padraicbc/h5p/dom/xpath.go:1341.3,1342.17 2 1
github.com/padraicbc/h5p/dom/xpath.go:1342.17,1344.4 1 0
github.com/padraicbc/h5p/dom/xpath.go:1345.3,1345.70 1 1
github.com/padraicbc/h5p/dom/xpath.go:1346.13,1347.23 1 1
github.com/padraicbc/h5p/dom/xpath.go:1347.23,1349.4 1 1
github.com/padraicbc/h5p/dom/xpath.go:1350.3,1351.17 2 1
github.com/padraicbc/h5p/dom/xpath.go:1351.17,1353.4 1 0
github.com/padraicbc/h5p/dom/xpath.go:1354.3,1354.36 1 1
github.com/padraicbc/h5p/dom/xpath.go:1354.36,1356.4 1 1
github.com/padraicbc/h5p/dom/xpath.go:1357.3,1358.31 2 1
github.com/padraicbc/h5p/dom/xpath.go:1358.31,1360.24 2 1
github.com/padraicbc/h5p/dom/xpath.go:1360.24,1362.5 1 1
github.com/padraicbc/h5p/dom/xpath.go:1364.3,1364.61 1 1
github.com/padraicbc/h5p/dom/xpath.go:1365.15,1366.57 1 1
github.com/padraicbc/h5p/dom/xpath.go:1367.17,1368.58 1 1
github.com/padraicbc/h5p/dom/xpath.go:1369.15,1370.57 1 1
github.com/padraicbc/h5p/dom/xpath.go:1371.14,1372.23 1 1
github.com/padraicbc/h5p/dom/xpath.go:1372.23,1374.4 1 1
github.com/padraicbc/h5p/dom/xpath.go:1375.3,1375.95 1 1
github.com/padraicbc/h5p/dom/xpath.go:1376.10,1377.73 1 1
github.com/padraicbc/h5p/dom/xpath.go:1385.72,1386.21 1 1
github.com/padraicbc/h5p/dom/xpath.go:1386.21,1388.3 1 0
github.com/padraicbc/h5p/dom/xpath.go:1389.2,1389.27 1 1
github.com/padraicbc/h5p/dom/xpath.go:1389.27,1391.3 1 1
github.com/padraicbc/h5p/dom/xpath.go:1394.2,1394.19 1 1
github.com/padraicbc/h5p/dom/xpath.go:1394.19,1396.36 2 0
github.com/padraicbc/h5p/dom/xpath.go:1396.36,1398.16 2 0
github.com/padraicbc/h5p/dom/xpath.go:1398.16,1400.5 1 0
github.com/padraicbc/h5p/dom/xpath.go:1401.4,1401.49 1 0
github.com/padraicbc/h5p/dom/xpath.go:1403.3,1403.64 1 0
github.com/padraicbc/h5p/dom/xpath.go:1406.2,1406.35 1 1
github.com/padraicbc/h5p/dom/xpath.go:1406.35,1407.35 1 1
github.com/padraicbc/h5p/dom/xpath.go:1407.35,1409.16 2 1
github.com/padraicbc/h5p/dom/xpath.go:1409.16,1411.5 1 1
github.com/padraicbc/h5p/dom/xpath.go:1412.4,1412.95 1 1
github.com/padraicbc/h5p/dom/xpath.go:1415.2,1415.49 1 1
github.com/padraicbc/h5p/dom/xpath.go:1422.67,1423.21 1 1
github.com/padraicbc/h5p/dom/xpath.go:1423.21,1425.3 1 0
github.com/padraicbc/h5p/dom/xpath.go:1426.2,1426.50 1 1
github.com/padraicbc/h5p/dom/xpath.go:1426.50,1427.15 1 1
github.com/padraicbc/h5p/dom/xpath.go:1428.28,1429.97 1 1
github.com/padraicbc/h5p/dom/xpath.go:1430.28,1431.97 1 1
github.com/padraicbc/h5p/dom/xpath.go:1432.11,1433.51 1 0
github.com/padraicbc/h5p/dom/xpath.go:1436.2,1437.48 2 1
github.com/padraicbc/h5p/dom/xpath.go:1437.48,1438.20 1 1
github.com/padraicbc/h5p/dom/xpath.go:1438.20,1440.12 2 0
github.com/padraicbc/h5p/dom/xpath.go:1442.3,1442.60 1 1
github.com/padraicbc/h5p/dom/xpath.go:1442.60,1444.4 1 1
github.com/padraicbc/h5p/dom/xpath.go:1446.2,1446.61 1 1
github.com/padraicbc/h5p/dom/xpath.go:1451.67,1452.21 1 1
github.com/padraicbc/h5p/dom/xpath.go:1452.21,1454.3 1 0
github.com/padraicbc/h5p/dom/xpath.go:1455.2,1455.93 1 1
github.com/padraicbc/h5p/dom/xpath.go:1463.56,1468.2 4 1
github.com/padraicbc/h5p/dom/xpath.go:1470.34,1472.2 1 1
github.com/padraicbc/h5p/dom/xpath.go:1474.45,1476.2 1 1
github.com/padraicbc/h5p/dom/xpath.go:1478.75,1479.23 1 1
github.com/padraicbc/h5p/dom/xpath.go:1479.23,1481.3 1 1
github.com/padraicbc/h5p/dom/xpath.go:1482.2,1484.17 3 1
github.com/padraicbc/h5p/dom/xpath.go:1487.58,1489.2 1 1
github.com/padraicbc/h5p/dom/xpath.go:1491.59,1493.16 2 1
github.com/padraicbc/h5p/dom/xpath.go:1493.16,1495.3 1 1
github.com/padraicbc/h5p/dom/xpath.go:1496.2,1496.60 1 1
github.com/padraicbc/h5p/dom/xpath.go:1496.60,1500.17 4 0
github.com/padraicbc/h5p/dom/xpath.go:1500.17,1502.4 1 0
github.com/padraicbc/h5p/dom/xpath.go:1503.3,1503.59 1 0
github.com/padraicbc/h5p/dom/xpath.go:1505.2,1505.18 1 1
github.com/padraicbc/h5p/dom/xpath.go:1508.56,1510.16 2 1
github.com/padraicbc/h5p/dom/xpath.go:1510.16,1512.3 1 1
github.com/padraicbc/h5p/dom/xpath.go:1513.2,1513.61 1 1
github.com/padraicbc/h5p/dom/xpath.go:1513.61,1517.17 4 1
github.com/padraicbc/h5p/dom/xpath.go:1517.17,1519.4 1 0
github.com/padraicbc/h5p/dom/xpath.go:1520.3,1520.59 1 1
github.com/padraicbc/h5p/dom/xpath.go:1522.2,1522.18 1 1
github.com/padraicbc/h5p/dom/xpath.go:1525.57,1527.16 2 1
github.com/padraicbc/h5p/dom/xpath.go:1527.16,1529.3 1 1
github.com/padraicbc/h5p/dom/xpath.go:1530.2,1530.62 1 1
github.com/padraicbc/h5p/dom/xpath.go:1530.62,1534.17 4 1
github.com/padraicbc/h5p/dom/xpath.go:1534.17,1536.4 1 0
github.com/padraicbc/h5p/dom/xpath.go:1537.3,1537.59 1 1
github.com/padraicbc/h5p/dom/xpath.go:1539.2,1539.18 1 1
github.com/padraicbc/h5p/dom/xpath.go:1542.62,1544.16 2 1
github.com/padraicbc/h5p/dom/xpath.go:1544.16,1546.3 1 1
github.com/padraicbc/h5p/dom/xpath.go:1547.2,1547.84 1 1
github.com/padraicbc/h5p/dom/xpath.go:1547.84,1551.17 4 1
github.com/padraicbc/h5p/dom/xpath.go:1551.17,1553.4 1 0
github.com/padraicbc/h5p/dom/xpath.go:1554.3,1554.59 1 1
github.com/padraicbc/h5p/dom/xpath.go:1556.2,1556.18 1 1
github.com/padraicbc/h5p/dom/xpath.go:1559.64,1561.16 2 1
github.com/padraicbc/h5p/dom/xpath.go:1561.16,1563.3 1 1
github.com/padraicbc/h5p/dom/xpath.go:1564.2,1564.127 1 1
github.com/padraicbc/h5p/dom/xpath.go:1564.127,1568.17 4 1
github.com/padraicbc/h5p/dom/xpath.go:1568.17,1570.4 1 0
github.com/padraicbc/h5p/dom/xpath.go:1571.3,1571.59 1 1
github.com/padraicbc/h5p/dom/xpath.go:1573.2,1573.18 1 1
github.com/padraicbc/h5p/dom/xpath.go:1576.62,1578.16 2 1
github.com/padraicbc/h5p/dom/xpath.go:1578.16,1580.3 1 1
github.com/padraicbc/h5p/dom/xpath.go:1581.2,1581.83 1 1
github.com/padraicbc/h5p/dom/xpath.go:1581.83,1585.17 4 1
github.com/padraicbc/h5p/dom/xpath.go:1585.17,1587.4 1 0
github.com/padraicbc/h5p/dom/xpath.go:1588.3,1588.59 1 1
github.com/padraicbc/h5p/dom/xpath.go:1590.2,1590.18 1 1
github.com/padraicbc/h5p/dom/xpath.go:1593.68,1595.16 2 1
github.com/padraicbc/h5p/dom/xpath.go:1595.16,1597.3 1 1
github.com/padraicbc/h5p/dom/xpath.go:1598.2,1598.108 1 1
github.com/padraicbc/h5p/dom/xpath.go:1598.108,1602.17 4 1
github.com/padraicbc/h5p/dom/xpath.go:1602.17,1604.4 1 0
github.com/padraicbc/h5p/dom/xpath.go:1605.3,1605.59 1 1
github.com/padraicbc/h5p/dom/xpath.go:1607.2,1607.18 1 1
github.com/padraicbc/h5p/dom/xpath.go:1610.59,1611.82 1 1
github.com/padraicbc/h5p/dom/xpath.go:1611.82,1615.17 4 1
github.com/padraicbc/h5p/dom/xpath.go:1615.17,1617.4 1 0
github.com/padraicbc/h5p/dom/xpath.go:1618.3,1618.49 1 1
github.com/padraicbc/h5p/dom/xpath.go:1620.2,1620.25 1 1
github.com/padraicbc/h5p/dom/xpath.go:1623.61,1624.20 1 1
github.com/padraicbc/h5p/dom/xpath.go:1625.24,1627.17 2 1
github.com/padraicbc/h5p/dom/xpath.go:1627.17,1629.4 1 0
github.com/padraicbc/h5p/dom/xpath.go:1630.3,1631.84 2 1
github.com/padraicbc/h5p/dom/xpath.go:1632.24,1635.84 3 1
github.com/padraicbc/h5p/dom/xpath.go:1636.20,1639.17 3 1
github.com/padraicbc/h5p/dom/xpath.go:1639.17,1641.4 1 1
github.com/padraicbc/h5p/dom/xpath.go:1642.3,1642.48 1 1
github.com/padraicbc/h5p/dom/xpath.go:1643.28,1646.37 3 1
github.com/padraicbc/h5p/dom/xpath.go:1646.37,1649.18 3 1
github.com/padraicbc/h5p/dom/xpath.go:1649.18,1651.5 1 1
github.com/padraicbc/h5p/dom/xpath.go:1652.4,1652.57 1 1
github.com/padraicbc/h5p/dom/xpath.go:1654.3,1654.40 1 1
github.com/padraicbc/h5p/dom/xpath.go:1655.21,1657.30 2 1
github.com/padraicbc/h5p/dom/xpath.go:1658.24,1661.17 3 1
github.com/padraicbc/h5p/dom/xpath.go:1661.17,1663.4 1 0
github.com/padraicbc/h5p/dom/xpath.go:1664.3,1664.56 1 1
github.com/padraicbc/h5p/dom/xpath.go:1664.56,1666.4 1 1
github.com/padraicbc/h5p/dom/xpath.go:1667.3,1667.19 1 1
github.com/padraicbc/h5p/dom/xpath.go:1668.10,1669.52 1 1
github.com/padraicbc/h5p/dom/xpath.go:1673.65,1674.36 1 1
github.com/padraicbc/h5p/dom/xpath.go:1674.36,1677.3 2 1
github.com/padraicbc/h5p/dom/xpath.go:1679.2,1680.6 2 1
github.com/padraicbc/h5p/dom/xpath.go:1680.6,1682.17 2 1
github.com/padraicbc/h5p/dom/xpath.go:1682.17,1684.4 1 1
github.com/padraicbc/h5p/dom/xpath.go:1685.3,1686.36 2 1
github.com/padraicbc/h5p/dom/xpath.go:1686.36,1688.12 2 1
github.com/padraicbc/h5p/dom/xpath.go:1690.3,1690.37 1 1
github.com/padraicbc/h5p/dom/xpath.go:1690.37,1692.9 2 1
github.com/padraicbc/h5p/dom/xpath.go:1694.3,1694.61 1 0
github.com/padraicbc/h5p/dom/xpath.go:1696.2,1696.18 1 1
github.com/padraicbc/h5p/dom/xpath.go:1724.46,1726.2 1 1
github.com/padraicbc/h5p/dom/xpath.go:1728.45,1730.27 2 1
github.com/padraicbc/h5p/dom/xpath.go:1730.27,1732.3 1 1
github.com/padraicbc/h5p/dom/xpath.go:1734.2,1735.12 2 1
github.com/padraicbc/h5p/dom/xpath.go:1736.11,1738.49 2 1
github.com/padraicbc/h5p/dom/xpath.go:1739.11,1741.50 2 1
github.com/padraicbc/h5p/dom/xpath.go:1742.11,1744.53 2 1
github.com/padraicbc/h5p/dom/xpath.go:1745.11,1747.53 2 1
github.com/padraicbc/h5p/dom/xpath.go:1748.11,1750.52 2 1
github.com/padraicbc/h5p/dom/xpath.go:1751.46,1752.26 1 1
github.com/padraicbc/h5p/dom/xpath.go:1753.17,1754.24 1 1
github.com/padraicbc/h5p/dom/xpath.go:1755.10,1756.18 1 1
github.com/padraicbc/h5p/dom/xpath.go:1756.18,1758.4 1 1
github.com/padraicbc/h5p/dom/xpath.go:1759.3,1759.23 1 1
github.com/padraicbc/h5p/dom/xpath.go:1759.23,1761.4 1 1
github.com/padraicbc/h5p/dom/xpath.go:1764.2,1765.39 2 1
github.com/padraicbc/h5p/dom/xpath.go:1768.48,1772.79 4 1
github.com/padraicbc/h5p/dom/xpath.go:1772.79,1775.3 2 1
github.com/padraicbc/h5p/dom/xpath.go:1776.2,1776.64 1 1
github.com/padraicbc/h5p/dom/xpath.go:1776.64,1779.3 2 1
github.com/padraicbc/h5p/dom/xpath.go:1780.2,1780.93 1 1
github.com/padraicbc/h5p/dom/xpath.go:1780.93,1782.3 1 1
github.com/padraicbc/h5p/dom/xpath.go:1783.2,1783.61 1 1
github.com/padraicbc/h5p/dom/xpath.go:1786.46,1790.54 4 1
github.com/padraicbc/h5p/dom/xpath.go:1790.54,1792.3 1 1
github.com/padraicbc/h5p/dom/xpath.go:1793.2,1794.26 2 1
github.com/padraicbc/h5p/dom/xpath.go:1794.26,1796.3 1 1
github.com/padraicbc/h5p/dom/xpath.go:1797.2,1797.52 1 1
github.com/padraicbc/h5p/dom/xpath.go:1800.46,1803.27 3 1
github.com/padraicbc/h5p/dom/xpath.go:1803.27,1805.16 2 1
github.com/padraicbc/h5p/dom/xpath.go:1805.16,1806.15 1 1
github.com/padraicbc/h5p/dom/xpath.go:1806.15,1807.10 1 0
github.com/padraicbc/h5p/dom/xpath.go:1809.4,1811.12 3 1
github.com/padraicbc/h5p/dom/xpath.go:1813.3,1813.19 1 1
github.com/padraicbc/h5p/dom/xpath.go:1813.19,1814.9 1 1
github.com/padraicbc/h5p/dom/xpath.go:1816.3,1816.10 1 1
github.com/padraicbc/h5p/dom/xpath.go:1818.2,1818.69 1 1
github.com/padraicbc/h5p/dom/xpath.go:1821.60,1823.27 2 1
github.com/padraicbc/h5p/dom/xpath.go:1823.27,1825.39 2 1
github.com/padraicbc/h5p/dom/xpath.go:1825.39,1826.9 1 0
github.com/padraicbc/h5p/dom/xpath.go:1828.3,1828.41 1 1
github.com/padraicbc/h5p/dom/xpath.go:1828.41,1829.9 1 1
github.com/padraicbc/h5p/dom/xpath.go:1831.3,1831.16 1 1
github.com/padraicbc/h5p/dom/xpath.go:1833.2,1834.13 2 1
github.com/padraicbc/h5p/dom/xpath.go:1835.33,1836.55 1 1
github.com/padraicbc/h5p/dom/xpath.go:1837.10,1838.57 1 1
github.com/padraicbc/h5p/dom/xpath.go:1842.39,1843.27 1 1
github.com/padraicbc/h5p/dom/xpath.go:1843.27,1844.31 1 1
github.com/padraicbc/h5p/dom/xpath.go:1844.31,1846.4 1 1
github.com/padraicbc/h5p/dom/xpath.go:1847.3,1847.10 1 1
github.com/padraicbc/h5p/dom/xpath.go:1851.28,1853.2 1 1
github.com/padraicbc/h5p/dom/xpath.go:1855.33,1857.2 1 1
github.com/padraicbc/h5p/dom/xpath.go:1859.28,1861.2 1 1
github.com/padraicbc/h5p/dom/xpath.go:1863.71,1864.71 1 1
github.com/padraicbc/h5p/dom/xpath.go:1864.71,1868.3 3 1
github.com/padraicbc/h5p/dom/xpath.go:1870.2,1870.71 1 1
github.com/padraicbc/h5p/dom/xpath.go:1870.71,1874.3 3 1
github.com/padraicbc/h5p/dom/xpath.go:1876.2,1876.69 1 1
github.com/padraicbc/h5p/dom/xpath.go:1876.69,1880.3 3 1
github.com/padraicbc/h5p/dom/xpath.go:1882.2,1882.101 1 1
github.com/padraicbc/h5p/dom/xpath.go:1885.52,1886.12 1 1
github.com/padraicbc/h5p/dom/xpath.go:1887.11,1888.23 1 1
github.com/padraicbc/h5p/dom/xpath.go:1889.12,1890.23 1 0
github.com/padraicbc/h5p/dom/xpath.go:1891.10,1892.15 1 1
github.com/padraicbc/h5p/dom/xpath.go:1896.57,1897.12 1 1
github.com/padraicbc/h5p/dom/xpath.go:1898.11,1899.23 1 1
github.com/padraicbc/h5p/dom/xpath.go:1900.12,1901.23 1 0
github.com/padraicbc/h5p/dom/xpath.go:1902.11,1903.22 1 1
github.com/padraicbc/h5p/dom/xpath.go:1904.12,1905.23 1 0
github.com/padraicbc/h5p/dom/xpath.go:1906.11,1907.22 1 1
github.com/padraicbc/h5p/dom/xpath.go:1908.12,1909.23 1 0
github.com/padraicbc/h5p/dom/xpath.go:1910.10,1911.15 1 1
github.com/padraicbc/h5p/dom/xpath.go:1915.49,1916.12 1 1
github.com/padraicbc/h5p/dom/xpath.go:1917.11,1918.23 1 1
github.com/padraicbc/h5p/dom/xpath.go:1919.12,1920.23 1 0
github.com/padraicbc/h5p/dom/xpath.go:1921.11,1922.22 1 1
github.com/padraicbc/h5p/dom/xpath.go:1923.12,1924.23 1 0
github.com/padraicbc/h5p/dom/xpath.go:1925.11,1926.22 1 0
github.com/padraicbc/h5p/dom/xpath.go:1927.12,1928.23 1 1
github.com/padraicbc/h5p/dom/xpath.go:1929.10,1930.15 1 1
github.com/padraicbc/h5p/dom/xpath.go:1934.70,1936.16 2 1
github.com/padraicbc/h5p/dom/xpath.go:1936.16,1938.3 1 1
github.com/padraicbc/h5p/dom/xpath.go:1939.2,1939.28 1 1
github.com/padraicbc/h5p/dom/xpath.go:1942.80,1943.20 1 1
github.com/padraicbc/h5p/dom/xpath.go:1943.20,1945.3 1 1
github.com/padraicbc/h5p/dom/xpath.go:1946.2,1946.20 1 1
github.com/padraicbc/h5p/dom/xpath.go:1946.20,1948.3 1 1
github.com/padraicbc/h5p/dom/xpath.go:1949.2,1949.36 1 1
github.com/padraicbc/h5p/dom/xpath.go:1952.76,1953.36 1 1
github.com/padraicbc/h5p/dom/xpath.go:1953.36,1955.3 1 1
github.com/padraicbc/h5p/dom/xpath.go:1956.2,1957.16 2 1
github.com/padraicbc/h5p/dom/xpath.go:1957.16,1959.3 1 0
github.com/padraicbc/h5p/dom/xpath.go:1960.2,1961.16 2 1
github.com/padraicbc/h5p/dom/xpath.go:1961.16,1963.3 1 0
github.com/padraicbc/h5p/dom/xpath.go:1966.2,1970.21 4 1
github.com/padraicbc/h5p/dom/xpath.go:1970.21,1972.3 1 1
github.com/padraicbc/h5p/dom/xpath.go:1973.2,1973.15 1 1
github.com/padraicbc/h5p/dom/xpath.go:1973.15,1975.3 1 1
github.com/padraicbc/h5p/dom/xpath.go:1976.2,1977.20 2 1
github.com/padraicbc/h5p/dom/xpath.go:1977.20,1979.17 2 1
github.com/padraicbc/h5p/dom/xpath.go:1979.17,1981.4 1 0
github.com/padraicbc/h5p/dom/xpath.go:1982.3,1983.17 2 1
github.com/padraicbc/h5p/dom/xpath.go:1983.17,1985.4 1 1
github.com/padraicbc/h5p/dom/xpath.go:1986.3,1987.23 2 1
github.com/padraicbc/h5p/dom/xpath.go:1987.23,1989.4 1 1
github.com/padraicbc/h5p/dom/xpath.go:1991.2,1991.24 1 1
github.com/padraicbc/h5p/dom/xpath.go:1991.24,1993.3 1 1
github.com/padraicbc/h5p/dom/xpath.go:1994.2,1994.79 1 1
github.com/padraicbc/h5p/dom/xpath.go:1997.115,1998.20 1 1
github.com/padraicbc/h5p/dom/xpath.go:1998.20,2000.3 1 1
github.com/padraicbc/h5p/dom/xpath.go:2001.2,2002.16 2 1
github.com/padraicbc/h5p/dom/xpath.go:2002.16,2004.3 1 1
github.com/padraicbc/h5p/dom/xpath.go:2005.2,2005.73 1 1
github.com/padraicbc/h5p/dom/xpath.go:2008.38,2009.43 1 1
github.com/padraicbc/h5p/dom/xpath.go:2009.43,2011.3 1 1
github.com/padraicbc/h5p/dom/xpath.go:2012.2,2012.14 1 1
github.com/padraicbc/h5p/dom/xpath.go:2012.14,2014.3 1 1
github.com/padraicbc/h5p/dom/xpath.go:2015.2,2015.29 1 1
github.com/padraicbc/h5p/dom/xpath.go:2018.42,2021.2 2 1
github.com/padraicbc/h5p/dom/xpath.go:2023.53,2027.30 4 1
github.com/padraicbc/h5p/dom/xpath.go:2027.30,2028.23 1 1
github.com/padraicbc/h5p/dom/xpath.go:2028.23,2030.4 1 1
github.com/padraicbc/h5p/dom/xpath.go:2030.9,2032.4 1 1
github.com/padraicbc/h5p/dom/xpath.go:2035.2,2036.26 2 1
github.com/padraicbc/h5p/dom/xpath.go:2036.26,2038.10 2 1
github.com/padraicbc/h5p/dom/xpath.go:2038.10,2040.12 2 1
github.com/padraicbc/h5p/dom/xpath.go:2042.3,2042.25 1 1
github.com/padraicbc/h5p/dom/xpath.go:2042.25,2044.4 1 1
github.com/padraicbc/h5p/dom/xpath.go:2046.2,2046.21 1 1
github.com/padraicbc/h5p/dom/xpath.go:2049.53,2050.34 1 1
github.com/padraicbc/h5p/dom/xpath.go:2050.34,2052.3 1 1
github.com/padraicbc/h5p/dom/xpath.go:2053.2,2054.25 2 1
github.com/padraicbc/h5p/dom/xpath.go:2054.25,2056.3 1 1
github.com/padraicbc/h5p/dom/xpath.go:2057.2,2059.23 3 1
github.com/padraicbc/h5p/dom/xpath.go:2059.23,2060.15 1 1
github.com/padraicbc/h5p/dom/xpath.go:2060.15,2062.4 1 0
github.com/padraicbc/h5p/dom/xpath.go:2063.3,2063.21 1 1
github.com/padraicbc/h5p/dom/xpath.go:2063.21,2064.54 1 1
github.com/padraicbc/h5p/dom/xpath.go:2064.54,2065.35 1 1
github.com/padraicbc/h5p/dom/xpath.go:2065.35,2067.6 1 1
github.com/padraicbc/h5p/dom/xpath.go:2070.3,2070.42 1 1
github.com/padraicbc/h5p/dom/xpath.go:2070.42,2072.4 1 1
github.com/padraicbc/h5p/dom/xpath.go:2074.2,2075.12 2 1
github.com/padraicbc/h5p/dom/xpath.go:2078.35,2079.17 1 1
github.com/padraicbc/h5p/dom/xpath.go:2079.17,2081.3 1 1
github.com/padraicbc/h5p/dom/xpath.go:2082.2,2083.28 2 1
github.com/padraicbc/h5p/dom/xpath.go:2086.68,2087.20 1 1
github.com/padraicbc/h5p/dom/xpath.go:2087.20,2089.3 1 1
github.com/padraicbc/h5p/dom/xpath.go:2090.2,2091.16 2 1
github.com/padraicbc/h5p/dom/xpath.go:2091.16,2093.3 1 1
github.com/padraicbc/h5p/dom/xpath.go:2094.2,2094.58 1 1
github.com/padraicbc/h5p/dom/xpath.go:2094.58,2096.3 1 1
github.com/padraicbc/h5p/dom/xpath.go:2097.2,2097.26 1 1
github.com/padraicbc/h5p/dom/xpath.go:2100.46,2101.17 1 1
github.com/padraicbc/h5p/dom/xpath.go:2101.17,2103.3 1 0
github.com/padraicbc/h5p/dom/xpath.go:2104.2,2105.40 2 1
github.com/padraicbc/h5p/dom/xpath.go:2105.40,2107.16 2 1
github.com/padraicbc/h5p/dom/xpath.go:2107.16,2108.12 1 1
github.com/padraicbc/h5p/dom/xpath.go:2111.3,2111.57 1 1
github.com/padraicbc/h5p/dom/xpath.go:2113.2,2113.14 1 1
github.com/padraicbc/h5p/dom/xpath.go:2116.36,2120.2 1 1
github.com/padraicbc/h5p/parser/parser.go:24.35,25.32 1 0
github.com/padraicbc/h5p/parser/parser.go:25.32,27.3 1 0
github.com/padraicbc/h5p/parser/parser.go:30.43,31.32 1 1
github.com/padraicbc/h5p/parser/parser.go:31.32,33.3 1 1
github.com/padraicbc/h5p/parser/parser.go:36.55,37.32 1 1
github.com/padraicbc/h5p/parser/parser.go:37.32,39.3 1 1
github.com/padraicbc/h5p/parser/parser.go:42.43,43.32 1 0
github.com/padraicbc/h5p/parser/parser.go:43.32,45.3 1 0
github.com/padraicbc/h5p/parser/parser.go:64.53,66.27 2 1
github.com/padraicbc/h5p/parser/parser.go:66.27,67.17 1 1
github.com/padraicbc/h5p/parser/parser.go:67.17,69.4 1 1
github.com/padraicbc/h5p/parser/parser.go:72.2,75.27 3 1
github.com/padraicbc/h5p/parser/parser.go:76.17,78.17 2 1
github.com/padraicbc/h5p/parser/parser.go:78.17,80.4 1 0
github.com/padraicbc/h5p/parser/parser.go:81.3,83.29 3 1
github.com/padraicbc/h5p/parser/parser.go:83.29,85.4 1 1
github.com/padraicbc/h5p/parser/parser.go:86.14,89.25 3 1
github.com/padraicbc/h5p/parser/parser.go:89.25,91.4 1 1
github.com/padraicbc/h5p/parser/parser.go:92.14,93.14 1 1
github.com/padraicbc/h5p/parser/parser.go:94.11,95.15 1 1
github.com/padraicbc/h5p/parser/parser.go:96.10,97.26 1 1
github.com/padraicbc/h5p/parser/parser.go:100.2,105.32 2 1
github.com/padraicbc/h5p/parser/parser.go:105.32,107.19 2 1
github.com/padraicbc/h5p/parser/parser.go:107.19,109.4 1 0
github.com/padraicbc/h5p/parser/parser.go:111.3,121.17 4 1
github.com/padraicbc/h5p/parser/parser.go:121.17,123.4 1 0
github.com/padraicbc/h5p/parser/parser.go:125.3,127.30 3 1
github.com/padraicbc/h5p/parser/parser.go:127.30,129.4 1 1
github.com/padraicbc/h5p/parser/parser.go:130.3,130.28 1 1
github.com/padraicbc/h5p/parser/parser.go:131.8,134.17 2 1
github.com/padraicbc/h5p/parser/parser.go:134.17,136.4 1 0
github.com/padraicbc/h5p/parser/parser.go:137.3,137.30 1 1
github.com/padraicbc/h5p/parser/parser.go:140.2,146.8 1 1
github.com/padraicbc/h5p/parser/parser.go:150.58,151.14 1 1
github.com/padraicbc/h5p/parser/parser.go:151.14,153.3 1 1
github.com/padraicbc/h5p/parser/parser.go:154.2,154.47 1 1
github.com/padraicbc/h5p/parser/parser.go:158.59,159.31 1 1
github.com/padraicbc/h5p/parser/parser.go:159.31,161.3 1 1
github.com/padraicbc/h5p/parser/parser.go:162.2,162.40 1 1
github.com/padraicbc/h5p/parser/parser.go:166.35,167.31 1 1
github.com/padraicbc/h5p/parser/parser.go:167.31,169.3 1 1
github.com/padraicbc/h5p/parser/parser.go:170.2,170.28 1 1
github.com/padraicbc/h5p/parser/parser.go:176.49,177.17 1 1
github.com/padraicbc/h5p/parser/parser.go:177.17,179.3 1 0
github.com/padraicbc/h5p/parser/parser.go:180.2,180.19 1 1
github.com/padraicbc/h5p/parser/parser.go:181.25,184.73 2 1
github.com/padraicbc/h5p/parser/parser.go:184.73,186.4 1 1
github.com/padraicbc/h5p/parser/parser.go:187.3,187.13 1 1
github.com/padraicbc/h5p/parser/parser.go:188.24,191.25 2 1
github.com/padraicbc/h5p/parser/parser.go:191.25,193.35 2 1
github.com/padraicbc/h5p/parser/parser.go:193.35,194.23 1 1
github.com/padraicbc/h5p/parser/parser.go:194.23,196.6 1 1
github.com/padraicbc/h5p/parser/parser.go:196.11,199.6 2 1
github.com/padraicbc/h5p/parser/parser.go:202.3,202.47 1 1
github.com/padraicbc/h5p/parser/parser.go:202.47,205.74 2 1
github.com/padraicbc/h5p/parser/parser.go:205.74,207.5 1 1
github.com/padraicbc/h5p/parser/parser.go:208.4,209.14 2 1
github.com/padraicbc/h5p/parser/parser.go:212.3,212.73 1 1
github.com/padraicbc/h5p/parser/parser.go:212.73,214.4 1 1
github.com/padraicbc/h5p/parser/parser.go:215.3,215.13 1 1
github.com/padraicbc/h5p/parser/parser.go:216.21,218.51 1 1
github.com/padraicbc/h5p/parser/parser.go:219.24,221.54 1 1
github.com/padraicbc/h5p/parser/parser.go:222.24,224.54 1 1
github.com/padraicbc/h5p/parser/parser.go:225.10,227.13 1 1
